Component: ARM Compiler 5.05 update 1 (build 106) Tool: armlink [4d0efa]

==============================================================================

Section Cross References

    at24c02.o(.text) refers to stm32f10x_rcc.o(.text) for RCC_APB2PeriphClockCmd
    at24c02.o(.text) refers to stm32f10x_gpio.o(.text) for GPIO_Init
    at24c02.o(.text) refers to delay.o(.text) for delay_us
    at24c02.o(.text) refers to watchdog.o(.text) for WatchDog
    gpio.o(.text) refers to stm32f10x_rcc.o(.text) for RCC_APB2PeriphClockCmd
    gpio.o(.text) refers to stm32f10x_gpio.o(.text) for GPIO_Init
    main.o(.text) refers to misc.o(.text) for NVIC_PriorityGroupConfig
    main.o(.text) refers to delay.o(.text) for delay_init
    main.o(.text) refers to timer.o(.text) for Timer_Init
    main.o(.text) refers to gpio.o(.text) for Gpio_Init
    main.o(.text) refers to work.o(.text) for DTU_Reset
    main.o(.text) refers to uart.o(.text) for UART_Init
    main.o(.text) refers to at24c02.o(.text) for AT24CXX_Init
    main.o(.text) refers to data.o(.text) for Read_Save_Data
    main.o(.text) refers to watchdog.o(.text) for WDG_Init
    stmflash.o(.text) refers to stm32f10x_flash.o(.text) for FLASH_ProgramHalfWord
    stmflash.o(.text) refers to stmflash.o(.bss) for STMFLASH_BUF
    data.o(.text) refers to watchdog.o(.text) for WatchDog
    data.o(.text) refers to at24c02.o(.text) for AT24CXX_Read
    data.o(.text) refers to sys.o(.text) for clearbuff
    data.o(.text) refers to data.o(.bss) for comAddr
    stm32f10x_it.o(.text) refers to stm32f10x_usart.o(.text) for USART_GetITStatus
    stm32f10x_it.o(.text) refers to stm32f10x_tim.o(.text) for TIM_GetITStatus
    stm32f10x_it.o(.text) refers to uart.o(.bss) for com1
    stm32f10x_it.o(.text) refers to work.o(.data) for sendNetConTimeCs
    work.o(.text) refers to _printf_percent.o(.ARM.Collect$$_printf_percent$$00000000) for _printf_percent
    work.o(.text) refers to _printf_d.o(.ARM.Collect$$_printf_percent$$00000009) for _printf_d
    work.o(.text) refers to _printf_dec.o(.text) for _printf_int_dec
    work.o(.text) refers to _printf_pad.o(.text) for _printf_pre_padding
    work.o(.text) refers to _printf_x.o(.ARM.Collect$$_printf_percent$$0000000C) for _printf_x
    work.o(.text) refers to _printf_hex_int.o(.text) for _printf_longlong_hex
    work.o(.text) refers to _printf_s.o(.ARM.Collect$$_printf_percent$$00000014) for _printf_s
    work.o(.text) refers to _printf_str.o(.text) for _printf_str
    work.o(.text) refers to _printf_f.o(.ARM.Collect$$_printf_percent$$00000003) for _printf_f
    work.o(.text) refers to printf1.o(x$fpl$printf1) for _printf_fp_dec
    work.o(.text) refers to delay.o(.text) for delay_ms
    work.o(.text) refers to watchdog.o(.text) for WatchDog
    work.o(.text) refers to uart.o(.text) for UART2_PutString
    work.o(.text) refers to rt_memclr_w.o(.text) for __aeabi_memclr4
    work.o(.text) refers to noretval__2sprintf.o(.text) for __2sprintf
    work.o(.text) refers to strstr.o(.text) for strstr
    work.o(.text) refers to work.o(.data) for connectFailCount
    work.o(.text) refers to uart.o(.bss) for com1
    work.o(.text) refers to work.o(.bss) for sendUartBuf
    work.o(.text) refers to strtok.o(.text) for strtok
    work.o(.text) refers to strtod.o(i.strtod) for strtod
    work.o(.text) refers to d2f.o(x$fpl$d2f) for __aeabi_d2f
    work.o(.text) refers to fdiv.o(x$fpl$fdiv) for __aeabi_fdiv
    work.o(.text) refers to ffix.o(x$fpl$ffix) for __aeabi_f2iz
    work.o(.text) refers to fflt_clz.o(x$fpl$fflt) for __aeabi_i2f
    work.o(.text) refers to faddsub_clz.o(x$fpl$fsub) for __aeabi_fsub
    work.o(.text) refers to fmul.o(x$fpl$fmul) for __aeabi_fmul
    work.o(.text) refers to faddsub_clz.o(x$fpl$fadd) for __aeabi_fadd
    work.o(.text) refers to atoi.o(.text) for atoi
    work.o(.text) refers to f2d.o(x$fpl$f2d) for __aeabi_f2d
    work.o(.text) refers to sys.o(.text) for clearbuff
    work.o(.text) refers to rt_memcpy_w.o(.text) for __aeabi_memcpy4
    work.o(.text) refers to rt_memcpy_v6.o(.text) for __aeabi_memcpy
    work.o(.text) refers to data.o(.bss) for comAddr
    work.o(.text) refers to ffixu.o(x$fpl$ffixu) for __aeabi_f2uiz
    work.o(.text) refers to data.o(.text) for Write_Com_Addr
    work.o(.text) refers to sys.o(.data) for uchCRCLo
    delay.o(.text) refers to misc.o(.text) for SysTick_CLKSourceConfig
    delay.o(.text) refers to system_stm32f10x.o(.data) for SystemCoreClock
    delay.o(.text) refers to delay.o(.data) for fac_us
    rtc.o(.text) refers to misc.o(.text) for NVIC_Init
    rtc.o(.text) refers to stm32f10x_rtc.o(.text) for RTC_GetCounter
    rtc.o(.text) refers to stm32f10x_rcc.o(.text) for RCC_APB1PeriphClockCmd
    rtc.o(.text) refers to stm32f10x_pwr.o(.text) for PWR_BackupAccessCmd
    rtc.o(.text) refers to stm32f10x_bkp.o(.text) for BKP_ReadBackupRegister
    rtc.o(.text) refers to delay.o(.text) for delay_ms
    rtc.o(.text) refers to rtc.o(.constdata) for table_week
[...]
    __rt_lib_init_lc_numeric_2               0x080001d1   Thumb Code     0  libinit2.o(.ARM.Collect$$libinit$$00000016)
    __rt_lib_init_alloca_1                   0x080001db   Thumb Code     0  libinit2.o(.ARM.Collect$$libinit$$0000002E)
    __rt_lib_init_argv_1                     0x080001db   Thumb Code     0  libinit2.o(.ARM.Collect$$libinit$$0000002C)
    __rt_lib_init_atexit_1                   0x080001db   Thumb Code     0  libinit2.o(.ARM.Collect$$libinit$$0000001B)
    __rt_lib_init_clock_1                    0x080001db   Thumb Code     0  libinit2.o(.ARM.Collect$$libinit$$00000021)
    __rt_lib_init_cpp_1                      0x080001db   Thumb Code     0  libinit2.o(.ARM.Collect$$libinit$$00000032)
    __rt_lib_init_exceptions_1               0x080001db   Thumb Code     0  libinit2.o(.ARM.Collect$$libinit$$00000030)
    __rt_lib_init_fp_trap_1                  0x080001db   Thumb Code     0  libinit2.o(.ARM.Collect$$libinit$$0000001F)
    __rt_lib_init_getenv_1                   0x080001db   Thumb Code     0  libinit2.o(.ARM.Collect$$libinit$$00000023)
    __rt_lib_init_lc_numeric_1               0x080001db   Thumb Code     0  libinit2.o(.ARM.Collect$$libinit$$00000017)
    __rt_lib_init_lc_time_1                  0x080001db   Thumb Code     0  libinit2.o(.ARM.Collect$$libinit$$00000019)
    __rt_lib_init_return                     0x080001db   Thumb Code     0  libinit2.o(.ARM.Collect$$libinit$$00000033)
    __rt_lib_init_signal_1                   0x080001db   Thumb Code     0  libinit2.o(.ARM.Collect$$libinit$$0000001D)
    __rt_lib_init_stdio_1                    0x080001db   Thumb Code     0  libinit2.o(.ARM.Collect$$libinit$$00000025)
    __rt_lib_shutdown                        0x080001dd   Thumb Code     0  libshutdown.o(.ARM.Collect$$libshutdown$$00000000)
    __rt_lib_shutdown_fp_trap_1              0x080001df   Thumb Code     0  libshutdown2.o(.ARM.Collect$$libshutdown$$00000006)
    __rt_lib_shutdown_heap_1                 0x080001df   Thumb Code     0  libshutdown2.o(.ARM.Collect$$libshutdown$$0000000E)
    __rt_lib_shutdown_return                 0x080001df   Thumb Code     0  libshutdown2.o(.ARM.Collect$$libshutdown$$0000000F)
    __rt_lib_shutdown_signal_1               0x080001df   Thumb Code     0  libshutdown2.o(.ARM.Collect$$libshutdown$$00000009)
    __rt_lib_shutdown_stdio_1                0x080001df   Thumb Code     0  libshutdown2.o(.ARM.Collect$$libshutdown$$00000003)
    __rt_lib_shutdown_user_alloc_1           0x080001df   Thumb Code     0  libshutdown2.o(.ARM.Collect$$libshutdown$$0000000B)
    __rt_entry                               0x080001e1   Thumb Code     0  __rtentry.o(.ARM.Collect$$rtentry$$00000000)
    __rt_entry_presh_1                       0x080001e1   Thumb Code     0  __rtentry2.o(.ARM.Collect$$rtentry$$00000002)
    __rt_entry_sh                            0x080001e1   Thumb Code     0  __rtentry4.o(.ARM.Collect$$rtentry$$00000004)
    __rt_entry_li                            0x080001e7   Thumb Code     0  __rtentry2.o(.ARM.Collect$$rtentry$$0000000A)
    __rt_entry_postsh_1                      0x080001e7   Thumb Code     0  __rtentry2.o(.ARM.Collect$$rtentry$$00000009)
    __rt_entry_main                          0x080001eb   Thumb Code     0  __rtentry2.o(.ARM.Collect$$rtentry$$0000000D)
    __rt_entry_postli_1                      0x080001eb   Thumb Code     0  __rtentry2.o(.ARM.Collect$$rtentry$$0000000C)
    __rt_exit                                0x080001f3   Thumb Code     0  rtexit.o(.ARM.Collect$$rtexit$$00000000)
    __rt_exit_ls                             0x080001f5   Thumb Code     0  rtexit2.o(.ARM.Collect$$rtexit$$00000003)
    __rt_exit_prels_1                        0x080001f5   Thumb Code     0  rtexit2.o(.ARM.Collect$$rtexit$$00000002)
    __rt_exit_exit                           0x080001f9   Thumb Code     0  rtexit2.o(.ARM.Collect$$rtexit$$00000004)
    IIC_Init                                 0x08000201   Thumb Code    80  at24c02.o(.text)
    AT24CXX_Init                             0x08000251   Thumb Code     8  at24c02.o(.text)
    SDA_IN                                   0x08000259   Thumb Code    38  at24c02.o(.text)
    SDA_OUT                                  0x0800027f   Thumb Code    38  at24c02.o(.text)
    IIC_Start                                0x080002a5   Thumb Code    52  at24c02.o(.text)
    IIC_Stop                                 0x080002d9   Thumb Code    52  at24c02.o(.text)
    IIC_Wait_Ack                             0x0800030d   Thumb Code    78  at24c02.o(.text)
    IIC_Ack                                  0x0800035b   Thumb Code    52  at24c02.o(.text)
    IIC_NAck                                 0x0800038f   Thumb Code    52  at24c02.o(.text)
    IIC_Send_Byte                            0x080003c3   Thumb Code    90  at24c02.o(.text)
    IIC_Read_Byte                            0x0800041d   Thumb Code    84  at24c02.o(.text)
    AT24CXX_ReadOneByte                      0x08000471   Thumb Code    88  at24c02.o(.text)
    AT24CXX_WriteOneByte                     0x080004c9   Thumb Code    80  at24c02.o(.text)
    AT24CXX_WriteLenByte                     0x08000519   Thumb Code    42  at24c02.o(.text)
    AT24CXX_ReadLenByte                      0x08000543   Thumb Code    44  at24c02.o(.text)
    AT24CXX_Check                            0x0800056f   Thumb Code    46  at24c02.o(.text)
    AT24CXX_Read                             0x0800059d   Thumb Code    48  at24c02.o(.text)
    AT24CXX_Write                            0x080005cd   Thumb Code    52  at24c02.o(.text)
    Gpio_Init                                0x08000601   Thumb Code    60  gpio.o(.text)
    main                                     0x08000645   Thumb Code    72  main.o(.text)
    Read_Com_Addr                            0x0800068d   Thumb Code   106  data.o(.text)
    Write_Com_Addr                           0x080006f7   Thumb Code    18  data.o(.text)
    Reset_Com_Addr                           0x08000709   Thumb Code    16  data.o(.text)
    Read_Save_Data                           0x08000719   Thumb Code    58  data.o(.text)
    USART1_IRQHandler                        0x08000759   Thumb Code    76  stm32f10x_it.o(.text)
    USART2_IRQHandler                        0x080007a5   Thumb Code    76  stm32f10x_it.o(.text)
    USART3_IRQHandler                        0x080007f1   Thumb Code    72  stm32f10x_it.o(.text)
    UART4_IRQHandler                         0x08000839   Thumb Code     2  stm32f10x_it.o(.text)
    UART5_IRQHandler                         0x0800083b   Thumb Code     2  stm32f10x_it.o(.text)
    TIM2_IRQHandler                          0x0800083d   Thumb Code    84  stm32f10x_it.o(.text)
    TIM3_IRQHandler                          0x08000891   Thumb Code     2  stm32f10x_it.o(.text)
    DMA1_Channel1_IRQHandler                 0x08000893   Thumb Code     2  stm32f10x_it.o(.text)
    DMA1_Channel4_IRQHandler                 0x08000895   Thumb Code     2  stm32f10x_it.o(.text)
    NMI_Handler                              0x08000897   Thumb Code     2  stm32f10x_it.o(.text)
    HardFault_Handler                        0x08000899   Thumb Code     4  stm32f10x_it.o(.text)
    MemManage_Handler                        0x0800089d   Thumb Code     4  stm32f10x_it.o(.text)
    BusFault_Handler                         0x080008a1   Thumb Code     4  stm32f10x_it.o(.text)
    UsageFault_Handler                       0x080008a5   Thumb Code     4  stm32f10x_it.o(.text)
    SVC_Handler                              0x080008a9   Thumb Code     2  stm32f10x_it.o(.text)
    DebugMon_Handler                         0x080008ab   Thumb Code     2  stm32f10x_it.o(.text)
    PendSV_Handler                           0x080008ad   Thumb Code     2  stm32f10x_it.o(.text)
    SysTick_Handler                          0x080008af   Thumb Code     2  stm32f10x_it.o(.text)
    DTU_Reset                                0x080008d1   Thumb Code    38  work.o(.text)
    Error_Flag_Handle                        0x080008f7   Thumb Code    80  work.o(.text)
    Sim7600ce_GPRS_Send_Data                 0x08000947   Thumb Code   300  work.o(.text)
    Sim7600ce_Tcp_Client                     0x08000a73   Thumb Code  1122  work.o(.text)
    Sim7600ce_Pdp_Context_Enale              0x08000ed5   Thumb Code  1536  work.o(.text)
    Sim7600ce_Net_Init                       0x080014d5   Thumb Code  1612  work.o(.text)
    Analysis_GPS_Data                        0x08001b21   Thumb Code   708  work.o(.text)
    Sim7600ce_Get_GPS                        0x08001de5   Thumb Code   534  work.o(.text)
    Send_Data_2_4G_Module                    0x08001ffb   Thumb Code   568  work.o(.text)
    Transmit_Upper_Data                      0x08002233   Thumb Code   370  work.o(.text)
    Rec_4G_Module_Data                       0x080023a5   Thumb Code   282  work.o(.text)
    Sim7600ce_GPS_Init_Unblock               0x080024bf   Thumb Code   370  work.o(.text)
    Sim7600ce_Send_Cmd                       0x08002631   Thumb Code    96  work.o(.text)
    Sim7600ce_GPS_Init_Block                 0x08002691   Thumb Code    66  work.o(.text)
    Send_4G_Mode_Get_GPS                     0x080026d3   Thumb Code    60  work.o(.text)
    Get_GPS_Data                             0x0800270f   Thumb Code   438  work.o(.text)
    Get_AGPS_Data                            0x080028c5   Thumb Code   224  work.o(.text)
    Extract_Comma_Between_Data               0x080029a5   Thumb Code    94  work.o(.text)
    Find_c                                   0x08002a03   Thumb Code    42  work.o(.text)
    Rec_Terminal_Ip_And_Port                 0x08002a2d   Thumb Code   334  work.o(.text)
    Rec_Uart_Data                            0x08002b7b   Thumb Code    40  work.o(.text)
    Power_On_Init                            0x08002ba3   Thumb Code    94  work.o(.text)
    Global_Param_Init                        0x08002c01   Thumb Code    82  work.o(.text)
    Print_Ip_And_Port                        0x08002c53   Thumb Code   356  work.o(.text)
    delay_init                               0x08002dc5   Thumb Code    50  delay.o(.text)
    delay_us                                 0x08002df7   Thumb Code    72  delay.o(.text)
    delay_ms                                 0x08002e3f   Thumb Code    72  delay.o(.text)
    RTC_Get_Week                             0x08002eb9   Thumb Code   116  rtc.o(.text)
    Is_Leap_Year                             0x08002f2d   Thumb Code    58  rtc.o(.text)
    RTC_Get                                  0x08002f67   Thumb Code   240  rtc.o(.text)
    RTC_Set                                  0x08003057   Thumb Code   184  rtc.o(.text)
    RTC_Init                                 0x0800310f   Thumb Code   184  rtc.o(.text)
    RTC_IRQHandler                           0x080031c7   Thumb Code    44  rtc.o(.text)
    RTC_Alarm_Set                            0x080031f3   Thumb Code   184  rtc.o(.text)
    RTC_Get_Delay_Hour                       0x080032ab   Thumb Code   278  rtc.o(.text)
    clearbuff                                0x080033c5   Thumb Code    20  sys.o(.text)
    compare_char_buf                         0x080033d9   Thumb Code    40  sys.o(.text)
    CRC16                                    0x08003401   Thumb Code   186  sys.o(.text)
    ctrl_dot                                 0x080034bb   Thumb Code   130  sys.o(.text)
    u_pow                                    0x0800353d   Thumb Code   108  sys.o(.text)
    change_BCD_to_DEC                        0x080035a9   Thumb Code   156  sys.o(.text)
    change_DEC_to_BCD                        0x08003645   Thumb Code  1044  sys.o(.text)
    change_ASC_to_DEC                        0x08003a59   Thumb Code   336  sys.o(.text)
    change_ASC_FU_to_DEC                     0x08003ba9   Thumb Code    48  sys.o(.text)
    change_DEC_to_ASC                        0x08003bd9   Thumb Code   536  sys.o(.text)
    char_string_right                        0x08003df1   Thumb Code    82  sys.o(.text)
    change_HEX_to_DEC                        0x08003e43   Thumb Code   110  sys.o(.text)
    change_1BCD_to_1DEC                      0x08003eb1   Thumb Code   228  sys.o(.text)
    change_DEC_to_HEX                        0x08003f95   Thumb Code   158  sys.o(.text)
    Hex_To_Decimal                           0x08004033   Thumb Code    26  sys.o(.text)
    re_sssw                                  0x0800404d   Thumb Code   170  sys.o(.text)
    re_zldw                                  0x080040f7   Thumb Code    74  sys.o(.text)
    Jingque32bit_to_DOUB                     0x08004141   Thumb Code    58  sys.o(.text)
    DOUB_to_Jingque32bit                     0x0800417b   Thumb Code   120  sys.o(.text)
    Bcd2Asc                                  0x080041f3   Thumb Code    78  sys.o(.text)
    pd_time_baohan                           0x08004241   Thumb Code   196  sys.o(.text)
    pd_day_baohan                            0x08004305   Thumb Code   140  sys.o(.text)
    pd_time                                  0x08004391   Thumb Code    82  sys.o(.text)
    Detect_Time_YMD                          0x080043e3   Thumb Code    78  sys.o(.text)
    pd_ymdhms_baohan                         0x08004431   Thumb Code   372  sys.o(.text)
    CS_Check                                 0x080045a5   Thumb Code    60  sys.o(.text)
    Hex_To_Float                             0x080045e1   Thumb Code    30  sys.o(.text)
    WFI_SET                                  0x080045ff   Thumb Code     4  sys.o(.text)
    INTX_DISABLE                             0x08004603   Thumb Code     4  sys.o(.text)
    INTX_ENABLE                              0x08004607   Thumb Code     4  sys.o(.text)
    Timer_Init                               0x0800460b   Thumb Code   112  timer.o(.text)
    USART3_Init                              0x0800467d   Thumb Code   158  uart.o(.text)
    USART2_Init                              0x0800471b   Thumb Code   154  uart.o(.text)
    USART1_Init                              0x080047b5   Thumb Code   162  uart.o(.text)
    UART_Init                                0x08004857   Thumb Code    28  uart.o(.text)
    UART1_PutChar                            0x08004873   Thumb Code    28  uart.o(.text)
    UART1_PutString                          0x0800488f   Thumb Code    30  uart.o(.text)
    UART1_SendStr                            0x080048ad   Thumb Code    24  uart.o(.text)
    UART1_Clear                              0x080048c5   Thumb Code    26  uart.o(.text)
    UART2_PutChar                            0x080048df   Thumb Code    28  uart.o(.text)
    UART2_PutString                          0x080048fb   Thumb Code    30  uart.o(.text)
    UART2_SendStr                            0x08004919   Thumb Code    24  uart.o(.text)
    UART2_Clear                              0x08004931   Thumb Code    26  uart.o(.text)
    UART3_PutChar                            0x0800494b   Thumb Code    28  uart.o(.text)
    UART3_PutString                          0x08004967   Thumb Code    30  uart.o(.text)
    UART3_SendStr                            0x08004985   Thumb Code    24  uart.o(.text)
    UART3_Clear                              0x0800499d   Thumb Code    26  uart.o(.text)
    WDG_Init                                 0x080049e1   Thumb Code    34  watchdog.o(.text)
    WatchDog                                 0x08004a03   Thumb Code     8  watchdog.o(.text)
    SystemInit                               0x08004aef   Thumb Code    78  system_stm32f10x.o(.text)
    SystemCoreClockUpdate                    0x08004b3d   Thumb Code   142  system_stm32f10x.o(.text)
    Reset_Handler                            0x08004bf1   Thumb Code     8  startup_stm32f10x_md.o(.text)
    ADC1_2_IRQHandler                        0x08004c0b   Thumb Code     0  startup_stm32f10x_md.o(.text)
    CAN1_RX1_IRQHandler                      0x08004c0b   Thumb Code     0  startup_stm32f10x_md.o(.text)
    CAN1_SCE_IRQHandler                      0x08004c0b   Thumb Code     0  startup_stm32f10x_md.o(.text)
    DMA1_Channel2_IRQHandler                 0x08004c0b   Thumb Code     0  startup_stm32f10x_md.o(.text)
    DMA1_Channel3_IRQHandler                 0x08004c0b   Thumb Code     0  startup_stm32f10x_md.o(.text)
    DMA1_Channel5_IRQHandler                 0x08004c0b   Thumb Code     0  startup_stm32f10x_md.o(.text)
    DMA1_Channel6_IRQHandler                 0x08004c0b   Thumb Code     0  startup_stm32f10x_md.o(.text)
    DMA1_Channel7_IRQHandler                 0x08004c0b   Thumb Code     0  startup_stm32f10x_md.o(.text)
    EXTI0_IRQHandler                         0x08004c0b   Thumb Code     0  startup_stm32f10x_md.o(.text)
    EXTI15_10_IRQHandler                     0x08004c0b   Thumb Code     0  startup_stm32f10x_md.o(.text)
    EXTI1_IRQHandler                         0x08004c0b   Thumb Code     0  startup_stm32f10x_md.o(.text)
    EXTI2_IRQHandler                         0x08004c0b   Thumb Code     0  startup_stm32f10x_md.o(.text)
    EXTI3_IRQHandler                         0x08004c0b   Thumb Code     0  startup_stm32f10x_md.o(.text)
    EXTI4_IRQHandler                         0x08004c0b   Thumb Code     0  startup_stm32f10x_md.o(.text)
    EXTI9_5_IRQHandler                       0x08004c0b   Thumb Code     0  startup_stm32f10x_md.o(.text)
    FLASH_IRQHandler                         0x08004c0b   Thumb Code     0  startup_stm32f10x_md.o(.text)
    I2C1_ER_IRQHandler                       0x08004c0b   Thumb Code     0  startup_stm32f10x_md.o(.text)
    I2C1_EV_IRQHandler                       0x08004c0b   Thumb Code     0  startup_stm32f10x_md.o(.text)
    I2C2_ER_IRQHandler                       0x08004c0b   Thumb Code     0  startup_stm32f10x_md.o(.text)
    I2C2_EV_IRQHandler                       0x08004c0b   Thumb Code     0  startup_stm32f10x_md.o(.text)
    PVD_IRQHandler                           0x08004c0b   Thumb Code     0  startup_stm32f10x_md.o(.text)
    RCC_IRQHandler                           0x08004c0b   Thumb Code     0  startup_stm32f10x_md.o(.text)
    RTCAlarm_IRQHandler                      0x08004c0b   Thumb Code     0  startup_stm32f10x_md.o(.text)
    SPI1_IRQHandler                          0x08004c0b   Thumb Code     0  startup_stm32f10x_md.o(.text)
    SPI2_IRQHandler                          0x08004c0b   Thumb Code     0  startup_stm32f10x_md.o(.text)
    TAMPER_IRQHandler                        0x08004c0b   Thumb Code     0  startup_stm32f10x_md.o(.text)
    TIM1_BRK_IRQHandler                      0x08004c0b   Thumb Code     0  startup_stm32f10x_md.o(.text)
    TIM1_CC_IRQHandler                       0x08004c0b   Thumb Code     0  startup_stm32f10x_md.o(.text)
    TIM1_TRG_COM_IRQHandler                  0x08004c0b   Thumb Code     0  startup_stm32f10x_md.o(.text)
    TIM1_UP_IRQHandler                       0x08004c0b   Thumb Code     0  startup_stm32f10x_md.o(.text)
    TIM4_IRQHandler                          0x08004c0b   Thumb Code     0  startup_stm32f10x_md.o(.text)
    USBWakeUp_IRQHandler                     0x08004c0b   Thumb Code     0  startup_stm32f10x_md.o(.text)
    USB_HP_CAN1_TX_IRQHandler                0x08004c0b   Thumb Code     0  startup_stm32f10x_md.o(.text)
    USB_LP_CAN1_RX0_IRQHandler               0x08004c0b   Thumb Code     0  startup_stm32f10x_md.o(.text)
    WWDG_IRQHandler                          0x08004c0b   Thumb Code     0  startup_stm32f10x_md.o(.text)
    __user_initial_stackheap                 0x08004c0d   Thumb Code     0  startup_stm32f10x_md.o(.text)
    NVIC_PriorityGroupConfig                 0x08004c31   Thumb Code    10  misc.o(.text)
    NVIC_Init                                0x08004c3b   Thumb Code   100  misc.o(.text)
    NVIC_SetVectorTable                      0x08004c9f   Thumb Code    14  misc.o(.text)
    NVIC_SystemLPConfig                      0x08004cad   Thumb Code    34  misc.o(.text)
    SysTick_CLKSourceConfig                  0x08004ccf   Thumb Code    40  misc.o(.text)
    GPIO_DeInit                              0x08004d0d   Thumb Code   172  stm32f10x_gpio.o(.text)
    GPIO_AFIODeInit                          0x08004db9   Thumb Code    20  stm32f10x_gpio.o(.text)
    GPIO_Init                                0x08004dcd   Thumb Code   278  stm32f10x_gpio.o(.text)
    GPIO_StructInit                          0x08004ee3   Thumb Code    16  stm32f10x_gpio.o(.text)
    GPIO_ReadInputDataBit                    0x08004ef3   Thumb Code    18  stm32f10x_gpio.o(.text)
    GPIO_ReadInputData                       0x08004f05   Thumb Code     8  stm32f10x_gpio.o(.text)
    GPIO_ReadOutputDataBit                   0x08004f0d   Thumb Code    18  stm32f10x_gpio.o(.text)
    GPIO_ReadOutputData                      0x08004f1f   Thumb Code     8  stm32f10x_gpio.o(.text)
    GPIO_SetBits                             0x08004f27   Thumb Code     4  stm32f10x_gpio.o(.text)
    GPIO_ResetBits                           0x08004f2b   Thumb Code     4  stm32f10x_gpio.o(.text)
    GPIO_WriteBit                            0x08004f2f   Thumb Code    10  stm32f10x_gpio.o(.text)
    GPIO_Write                               0x08004f39   Thumb Code     4  stm32f10x_gpio.o(.text)
    GPIO_PinLockConfig                       0x08004f3d   Thumb Code    18  stm32f10x_gpio.o(.text)
    GPIO_EventOutputConfig                   0x08004f4f   Thumb Code    26  stm32f10x_gpio.o(.text)
    GPIO_EventOutputCmd                      0x08004f69   Thumb Code     6  stm32f10x_gpio.o(.text)
    GPIO_PinRemapConfig                      0x08004f6f   Thumb Code   138  stm32f10x_gpio.o(.text)
    GPIO_EXTILineConfig                      0x08004ff9   Thumb Code    66  stm32f10x_gpio.o(.text)
    GPIO_ETH_MediaInterfaceConfig            0x0800503b   Thumb Code     8  stm32f10x_gpio.o(.text)
    RCC_DeInit                               0x08005069   Thumb Code    64  stm32f10x_rcc.o(.text)
    RCC_HSEConfig                            0x080050a9   Thumb Code    70  stm32f10x_rcc.o(.text)
    RCC_GetFlagStatus                        0x080050ef   Thumb Code    56  stm32f10x_rcc.o(.text)
    RCC_WaitForHSEStartUp                    0x08005127   Thumb Code    56  stm32f10x_rcc.o(.text)
    RCC_AdjustHSICalibrationValue            0x0800515f   Thumb Code    20  stm32f10x_rcc.o(.text)
    RCC_HSICmd                               0x08005173   Thumb Code     6  stm32f10x_rcc.o(.text)
    RCC_PLLConfig                            0x08005179   Thumb Code    24  stm32f10x_rcc.o(.text)
    RCC_PLLCmd                               0x08005191   Thumb Code     6  stm32f10x_rcc.o(.text)
    RCC_SYSCLKConfig                         0x08005197   Thumb Code    18  stm32f10x_rcc.o(.text)
    RCC_GetSYSCLKSource                      0x080051a9   Thumb Code    10  stm32f10x_rcc.o(.text)
    RCC_HCLKConfig                           0x080051b3   Thumb Code    18  stm32f10x_rcc.o(.text)
    RCC_PCLK1Config                          0x080051c5   Thumb Code    18  stm32f10x_rcc.o(.text)
    RCC_PCLK2Config                          0x080051d7   Thumb Code    20  stm32f10x_rcc.o(.text)
    RCC_ITConfig                             0x080051eb   Thumb Code    26  stm32f10x_rcc.o(.text)
    RCC_USBCLKConfig                         0x08005205   Thumb Code     8  stm32f10x_rcc.o(.text)
    RCC_ADCCLKConfig                         0x0800520d   Thumb Code    18  stm32f10x_rcc.o(.text)
    RCC_LSEConfig                            0x0800521f   Thumb Code    50  stm32f10x_rcc.o(.text)
    RCC_LSICmd                               0x08005251   Thumb Code     6  stm32f10x_rcc.o(.text)
    RCC_RTCCLKConfig                         0x08005257   Thumb Code    12  stm32f10x_rcc.o(.text)
    RCC_RTCCLKCmd                            0x08005263   Thumb Code     8  stm32f10x_rcc.o(.text)
    RCC_GetClocksFreq                        0x0800526b   Thumb Code   192  stm32f10x_rcc.o(.text)
    RCC_AHBPeriphClockCmd                    0x0800532b   Thumb Code    26  stm32f10x_rcc.o(.text)
    RCC_APB2PeriphClockCmd                   0x08005345   Thumb Code    26  stm32f10x_rcc.o(.text)
    RCC_APB1PeriphClockCmd                   0x0800535f   Thumb Code    26  stm32f10x_rcc.o(.text)
    RCC_APB2PeriphResetCmd                   0x08005379   Thumb Code    26  stm32f10x_rcc.o(.text)
    RCC_APB1PeriphResetCmd                   0x08005393   Thumb Code    26  stm32f10x_rcc.o(.text)
    RCC_BackupResetCmd                       0x080053ad   Thumb Code     8  stm32f10x_rcc.o(.text)
    RCC_ClockSecuritySystemCmd               0x080053b5   Thumb Code     6  stm32f10x_rcc.o(.text)
    RCC_MCOConfig                            0x080053bb   Thumb Code     6  stm32f10x_rcc.o(.text)
    RCC_ClearFlag                            0x080053c1   Thumb Code    14  stm32f10x_rcc.o(.text)
    RCC_GetITStatus                          0x080053cf   Thumb Code    20  stm32f10x_rcc.o(.text)
    RCC_ClearITPendingBit                    0x080053e3   Thumb Code     6  stm32f10x_rcc.o(.text)
    USART_DeInit                             0x0800540d   Thumb Code   134  stm32f10x_usart.o(.text)
    USART_Init                               0x08005493   Thumb Code   210  stm32f10x_usart.o(.text)
    USART_StructInit                         0x08005565   Thumb Code    24  stm32f10x_usart.o(.text)
    USART_ClockInit                          0x0800557d   Thumb Code    34  stm32f10x_usart.o(.text)
    USART_ClockStructInit                    0x0800559f   Thumb Code    12  stm32f10x_usart.o(.text)
    USART_Cmd                                0x080055ab   Thumb Code    24  stm32f10x_usart.o(.text)
    USART_ITConfig                           0x080055c3   Thumb Code    74  stm32f10x_usart.o(.text)
    USART_DMACmd                             0x0800560d   Thumb Code    18  stm32f10x_usart.o(.text)
    USART_SetAddress                         0x0800561f   Thumb Code    18  stm32f10x_usart.o(.text)
    USART_WakeUpConfig                       0x08005631   Thumb Code    18  stm32f10x_usart.o(.text)
    USART_ReceiverWakeUpCmd                  0x08005643   Thumb Code    24  stm32f10x_usart.o(.text)
    USART_LINBreakDetectLengthConfig         0x0800565b   Thumb Code    18  stm32f10x_usart.o(.text)
    USART_LINCmd                             0x0800566d   Thumb Code    24  stm32f10x_usart.o(.text)
    USART_SendData                           0x08005685   Thumb Code     8  stm32f10x_usart.o(.text)
    USART_ReceiveData                        0x0800568d   Thumb Code    10  stm32f10x_usart.o(.text)
    USART_SendBreak                          0x08005697   Thumb Code    10  stm32f10x_usart.o(.text)
    USART_SetGuardTime                       0x080056a1   Thumb Code    16  stm32f10x_usart.o(.text)
    USART_SetPrescaler                       0x080056b1   Thumb Code    16  stm32f10x_usart.o(.text)
    USART_SmartCardCmd                       0x080056c1   Thumb Code    24  stm32f10x_usart.o(.text)
    USART_SmartCardNACKCmd                   0x080056d9   Thumb Code    24  stm32f10x_usart.o(.text)
    USART_HalfDuplexCmd                      0x080056f1   Thumb Code    24  stm32f10x_usart.o(.text)
    USART_OverSampling8Cmd                   0x08005709   Thumb Code    22  stm32f10x_usart.o(.text)
    USART_OneBitMethodCmd                    0x0800571f   Thumb Code    24  stm32f10x_usart.o(.text)
    USART_IrDAConfig                         0x08005737   Thumb Code    18  stm32f10x_usart.o(.text)
    USART_IrDACmd                            0x08005749   Thumb Code    24  stm32f10x_usart.o(.text)
    USART_GetFlagStatus                      0x08005761   Thumb Code    26  stm32f10x_usart.o(.text)
    USART_ClearFlag                          0x0800577b   Thumb Code    18  stm32f10x_usart.o(.text)
    USART_GetITStatus                        0x0800578d   Thumb Code    84  stm32f10x_usart.o(.text)
    USART_ClearITPendingBit                  0x080057e1   Thumb Code    52  stm32f10x_usart.o(.text)
    IWDG_WriteAccessCmd                      0x08005815   Thumb Code     6  stm32f10x_iwdg.o(.text)
    IWDG_SetPrescaler                        0x0800581b   Thumb Code     6  stm32f10x_iwdg.o(.text)
    IWDG_SetReload                           0x08005821   Thumb Code     6  stm32f10x_iwdg.o(.text)
    IWDG_ReloadCounter                       0x08005827   Thumb Code    10  stm32f10x_iwdg.o(.text)
    IWDG_Enable                              0x08005831   Thumb Code    10  stm32f10x_iwdg.o(.text)
    IWDG_GetFlagStatus                       0x0800583b   Thumb Code    20  stm32f10x_iwdg.o(.text)
    RTC_ITConfig                             0x08005855   Thumb Code    26  stm32f10x_rtc.o(.text)
    RTC_EnterConfigMode                      0x0800586f   Thumb Code    18  stm32f10x_rtc.o(.text)
    RTC_ExitConfigMode                       0x08005881   Thumb Code    20  stm32f10x_rtc.o(.text)
    RTC_GetCounter                           0x08005895   Thumb Code    18  stm32f10x_rtc.o(.text)
    RTC_SetCounter                           0x080058a7   Thumb Code    26  stm32f10x_rtc.o(.text)
    RTC_SetPrescaler                         0x080058c1   Thumb Code    28  stm32f10x_rtc.o(.text)
    RTC_SetAlarm                             0x080058dd   Thumb Code    26  stm32f10x_rtc.o(.text)
    RTC_GetDivider                           0x080058f7   Thumb Code    22  stm32f10x_rtc.o(.text)
    RTC_WaitForLastTask                      0x0800590d   Thumb Code    18  stm32f10x_rtc.o(.text)
    RTC_WaitForSynchro                       0x0800591f   Thumb Code    36  stm32f10x_rtc.o(.text)
    RTC_GetFlagStatus                        0x08005943   Thumb Code    22  stm32f10x_rtc.o(.text)
    RTC_ClearFlag                            0x08005959   Thumb Code    16  stm32f10x_rtc.o(.text)
    RTC_GetITStatus                          0x08005969   Thumb Code    32  stm32f10x_rtc.o(.text)
    RTC_ClearITPendingBit                    0x08005989   Thumb Code    16  stm32f10x_rtc.o(.text)
    TIM_DeInit                               0x0800599d   Thumb Code   424  stm32f10x_tim.o(.text)
    TIM_TimeBaseInit                         0x08005b45   Thumb Code   122  stm32f10x_tim.o(.text)
    TIM_OC1Init                              0x08005bbf   Thumb Code   132  stm32f10x_tim.o(.text)
    TIM_OC2Init                              0x08005c43   Thumb Code   154  stm32f10x_tim.o(.text)
    TIM_OC3Init                              0x08005cdd   Thumb Code   150  stm32f10x_tim.o(.text)
    TIM_OC4Init                              0x08005d73   Thumb Code   182  stm32f10x_tim.o(.text)
    TIM_SetIC4Prescaler                      0x08005e29   Thumb Code    26  stm32f10x_tim.o(.text)
    TIM_SetIC3Prescaler                      0x08005ec5   Thumb Code    18  stm32f10x_tim.o(.text)
    TIM_SetIC2Prescaler                      0x08005f51   Thumb Code    26  stm32f10x_tim.o(.text)
    TIM_SetIC1Prescaler                      0x08005fed   Thumb Code    18  stm32f10x_tim.o(.text)
    TIM_ICInit                               0x0800606b   Thumb Code   150  stm32f10x_tim.o(.text)
    TIM_PWMIConfig                           0x08006101   Thumb Code   124  stm32f10x_tim.o(.text)
    TIM_BDTRConfig                           0x0800617d   Thumb Code    32  stm32f10x_tim.o(.text)
    TIM_TimeBaseStructInit                   0x0800619d   Thumb Code    18  stm32f10x_tim.o(.text)
    TIM_OCStructInit                         0x080061af   Thumb Code    20  stm32f10x_tim.o(.text)
    TIM_ICStructInit                         0x080061c3   Thumb Code    18  stm32f10x_tim.o(.text)
    TIM_BDTRStructInit                       0x080061d5   Thumb Code    40  stm32f10x_tim.o(.text)
    TIM_Cmd                                  0x080061fd   Thumb Code    24  stm32f10x_tim.o(.text)
    TIM_CtrlPWMOutputs                       0x08006215   Thumb Code    30  stm32f10x_tim.o(.text)
    TIM_ITConfig                             0x08006233   Thumb Code    18  stm32f10x_tim.o(.text)
    TIM_GenerateEvent                        0x08006245   Thumb Code     4  stm32f10x_tim.o(.text)
    TIM_DMAConfig                            0x08006249   Thumb Code    10  stm32f10x_tim.o(.text)
    TIM_DMACmd                               0x08006253   Thumb Code    18  stm32f10x_tim.o(.text)
    TIM_InternalClockConfig                  0x08006265   Thumb Code    12  stm32f10x_tim.o(.text)
    TIM_SelectInputTrigger                   0x08006271   Thumb Code    18  stm32f10x_tim.o(.text)
    TIM_ITRxExternalClockConfig              0x08006283   Thumb Code    24  stm32f10x_tim.o(.text)
    TIM_TIxExternalClockConfig               0x0800629b   Thumb Code    62  stm32f10x_tim.o(.text)
    TIM_ETRConfig                            0x080062d9   Thumb Code    28  stm32f10x_tim.o(.text)
    TIM_ETRClockMode1Config                  0x080062f5   Thumb Code    54  stm32f10x_tim.o(.text)
    TIM_ETRClockMode2Config                  0x0800632b   Thumb Code    32  stm32f10x_tim.o(.text)
    TIM_PrescalerConfig                      0x0800634b   Thumb Code     6  stm32f10x_tim.o(.text)
    TIM_CounterModeConfig                    0x08006351   Thumb Code    18  stm32f10x_tim.o(.text)
    TIM_EncoderInterfaceConfig               0x08006363   Thumb Code    66  stm32f10x_tim.o(.text)
    TIM_ForcedOC1Config                      0x080063a5   Thumb Code    18  stm32f10x_tim.o(.text)
    TIM_ForcedOC2Config                      0x080063b7   Thumb Code    26  stm32f10x_tim.o(.text)
    TIM_ForcedOC3Config                      0x080063d1   Thumb Code    18  stm32f10x_tim.o(.text)
    TIM_ForcedOC4Config                      0x080063e3   Thumb Code    26  stm32f10x_tim.o(.text)
    TIM_ARRPreloadConfig                     0x080063fd   Thumb Code    24  stm32f10x_tim.o(.text)
    TIM_SelectCOM                            0x08006415   Thumb Code    24  stm32f10x_tim.o(.text)
    TIM_SelectCCDMA                          0x0800642d   Thumb Code    24  stm32f10x_tim.o(.text)
    TIM_CCPreloadControl                     0x08006445   Thumb Code    24  stm32f10x_tim.o(.text)
    TIM_OC1PreloadConfig                     0x0800645d   Thumb Code    18  stm32f10x_tim.o(.text)
    TIM_OC2PreloadConfig                     0x0800646f   Thumb Code    26  stm32f10x_tim.o(.text)
    TIM_OC3PreloadConfig                     0x08006489   Thumb Code    18  stm32f10x_tim.o(.text)
    TIM_OC4PreloadConfig                     0x0800649b   Thumb Code    26  stm32f10x_tim.o(.text)
    TIM_OC1FastConfig                        0x080064b5   Thumb Code    18  stm32f10x_tim.o(.text)
    TIM_OC2FastConfig                        0x080064c7   Thumb Code    26  stm32f10x_tim.o(.text)
    TIM_OC3FastConfig                        0x080064e1   Thumb Code    18  stm32f10x_tim.o(.text)
    TIM_OC4FastConfig                        0x080064f3   Thumb Code    26  stm32f10x_tim.o(.text)
    TIM_ClearOC1Ref                          0x0800650d   Thumb Code    18  stm32f10x_tim.o(.text)
    TIM_ClearOC2Ref                          0x0800651f   Thumb Code    24  stm32f10x_tim.o(.text)
    TIM_ClearOC3Ref                          0x08006537   Thumb Code    18  stm32f10x_tim.o(.text)
    TIM_ClearOC4Ref                          0x08006549   Thumb Code    24  stm32f10x_tim.o(.text)
    TIM_OC1PolarityConfig                    0x08006561   Thumb Code    18  stm32f10x_tim.o(.text)
    TIM_OC1NPolarityConfig                   0x08006573   Thumb Code    18  stm32f10x_tim.o(.text)
    TIM_OC2PolarityConfig                    0x08006585   Thumb Code    26  stm32f10x_tim.o(.text)
    TIM_OC2NPolarityConfig                   0x0800659f   Thumb Code    26  stm32f10x_tim.o(.text)
    TIM_OC3PolarityConfig                    0x080065b9   Thumb Code    26  stm32f10x_tim.o(.text)
    TIM_OC3NPolarityConfig                   0x080065d3   Thumb Code    26  stm32f10x_tim.o(.text)
    TIM_OC4PolarityConfig                    0x080065ed   Thumb Code    26  stm32f10x_tim.o(.text)
    TIM_CCxCmd                               0x08006607   Thumb Code    30  stm32f10x_tim.o(.text)
    TIM_CCxNCmd                              0x08006625   Thumb Code    30  stm32f10x_tim.o(.text)
    TIM_SelectOCxM                           0x08006643   Thumb Code    82  stm32f10x_tim.o(.text)
    TIM_UpdateDisableConfig                  0x08006695   Thumb Code    24  stm32f10x_tim.o(.text)
    TIM_UpdateRequestConfig                  0x080066ad   Thumb Code    24  stm32f10x_tim.o(.text)
    TIM_SelectHallSensor                     0x080066c5   Thumb Code    24  stm32f10x_tim.o(.text)
    TIM_SelectOnePulseMode                   0x080066dd   Thumb Code    18  stm32f10x_tim.o(.text)
    TIM_SelectOutputTrigger                  0x080066ef   Thumb Code    18  stm32f10x_tim.o(.text)
    TIM_SelectSlaveMode                      0x08006701   Thumb Code    18  stm32f10x_tim.o(.text)
    TIM_SelectMasterSlaveMode                0x08006713   Thumb Code    18  stm32f10x_tim.o(.text)
    TIM_SetCounter                           0x08006725   Thumb Code     4  stm32f10x_tim.o(.text)
    TIM_SetAutoreload                        0x08006729   Thumb Code     4  stm32f10x_tim.o(.text)
    TIM_SetCompare1                          0x0800672d   Thumb Code     4  stm32f10x_tim.o(.text)
    TIM_SetCompare2                          0x08006731   Thumb Code     4  stm32f10x_tim.o(.text)
    TIM_SetCompare3                          0x08006735   Thumb Code     4  stm32f10x_tim.o(.text)
    TIM_SetCompare4                          0x08006739   Thumb Code     6  stm32f10x_tim.o(.text)
    TIM_SetClockDivision                     0x0800673f   Thumb Code    18  stm32f10x_tim.o(.text)
    TIM_GetCapture1                          0x08006751   Thumb Code     6  stm32f10x_tim.o(.text)
    TIM_GetCapture2                          0x08006757   Thumb Code     6  stm32f10x_tim.o(.text)
    TIM_GetCapture3                          0x0800675d   Thumb Code     6  stm32f10x_tim.o(.text)
    TIM_GetCapture4                          0x08006763   Thumb Code     8  stm32f10x_tim.o(.text)
    TIM_GetCounter                           0x0800676b   Thumb Code     6  stm32f10x_tim.o(.text)
    TIM_GetPrescaler                         0x08006771   Thumb Code     6  stm32f10x_tim.o(.text)
    TIM_GetFlagStatus                        0x08006777   Thumb Code    18  stm32f10x_tim.o(.text)
    TIM_ClearFlag                            0x08006789   Thumb Code     6  stm32f10x_tim.o(.text)
    TIM_GetITStatus                          0x0800678f   Thumb Code    34  stm32f10x_tim.o(.text)
    TIM_ClearITPendingBit                    0x080067b1   Thumb Code     6  stm32f10x_tim.o(.text)
    BKP_DeInit                               0x080067b9   Thumb Code    16  stm32f10x_bkp.o(.text)
    BKP_TamperPinLevelConfig                 0x080067c9   Thumb Code     6  stm32f10x_bkp.o(.text)
    BKP_TamperPinCmd                         0x080067cf   Thumb Code     8  stm32f10x_bkp.o(.text)
    BKP_ITConfig                             0x080067d7   Thumb Code     8  stm32f10x_bkp.o(.text)
    BKP_RTCOutputConfig                      0x080067df   Thumb Code    22  stm32f10x_bkp.o(.text)
    BKP_SetRTCCalibrationValue               0x080067f5   Thumb Code    22  stm32f10x_bkp.o(.text)
    BKP_WriteBackupRegister                  0x0800680b   Thumb Code    24  stm32f10x_bkp.o(.text)
    BKP_ReadBackupRegister                   0x08006823   Thumb Code    26  stm32f10x_bkp.o(.text)
    BKP_GetFlagStatus                        0x0800683d   Thumb Code    10  stm32f10x_bkp.o(.text)
    BKP_ClearFlag                            0x08006847   Thumb Code    18  stm32f10x_bkp.o(.text)
    BKP_GetITStatus                          0x08006859   Thumb Code    10  stm32f10x_bkp.o(.text)
    BKP_ClearITPendingBit                    0x08006863   Thumb Code    18  stm32f10x_bkp.o(.text)
    PWR_DeInit                               0x0800687d   Thumb Code    22  stm32f10x_pwr.o(.text)
    PWR_BackupAccessCmd                      0x08006893   Thumb Code     6  stm32f10x_pwr.o(.text)
    PWR_PVDCmd                               0x08006899   Thumb Code     6  stm32f10x_pwr.o(.text)
    PWR_PVDLevelConfig                       0x0800689f   Thumb Code    18  stm32f10x_pwr.o(.text)
    PWR_WakeUpPinCmd                         0x080068b1   Thumb Code     8  stm32f10x_pwr.o(.text)
    PWR_EnterSTOPMode                        0x080068b9   Thumb Code    54  stm32f10x_pwr.o(.text)
    PWR_EnterSTANDBYMode                     0x080068ef   Thumb Code    42  stm32f10x_pwr.o(.text)
    PWR_GetFlagStatus                        0x08006919   Thumb Code    20  stm32f10x_pwr.o(.text)
    PWR_ClearFlag                            0x0800692d   Thumb Code    14  stm32f10x_pwr.o(.text)
    __2sprintf                               0x08006949   Thumb Code    34  noretval__2sprintf.o(.text)
    _printf_pre_padding                      0x08006971   Thumb Code    44  _printf_pad.o(.text)
    _printf_post_padding                     0x0800699d   Thumb Code    34  _printf_pad.o(.text)
    _printf_str                              0x080069bf   Thumb Code    82  _printf_str.o(.text)
    _printf_int_dec                          0x08006a11   Thumb Code   104  _printf_dec.o(.text)
    _printf_int_hex                          0x08006a89   Thumb Code    84  _printf_hex_int.o(.text)
    _printf_longlong_hex                     0x08006a89   Thumb Code     0  _printf_hex_int.o(.text)
    __printf                                 0x08006ae1   Thumb Code   308  __printf_flags_wp.o(.text)
    atoi                                     0x08006c19   Thumb Code    26  atoi.o(.text)
    strtok                                   0x08006c35   Thumb Code     6  strtok.o(.text)
    strstr                                   0x08006c41   Thumb Code    36  strstr.o(.text)
    __aeabi_memcpy                           0x08006c65   Thumb Code     0  rt_memcpy_v6.o(.text)
    __rt_memcpy                              0x08006c65   Thumb Code   138  rt_memcpy_v6.o(.text)
    _memcpy_lastbytes                        0x08006ccb   Thumb Code     0  rt_memcpy_v6.o(.text)
    __aeabi_memcpy4                          0x08006cef   Thumb Code     0  rt_memcpy_w.o(.text)
    __aeabi_memcpy8                          0x08006cef   Thumb Code     0  rt_memcpy_w.o(.text)
    __rt_memcpy_w                            0x08006cef   Thumb Code   100  rt_memcpy_w.o(.text)
    _memcpy_lastbytes_aligned                0x08006d37   Thumb Code     0  rt_memcpy_w.o(.text)
    __aeabi_memclr4                          0x08006d53   Thumb Code     0  rt_memclr_w.o(.text)
    __aeabi_memclr8                          0x08006d53   Thumb Code     0  rt_memclr_w.o(.text)
    __rt_memclr_w                            0x08006d53   Thumb Code    78  rt_memclr_w.o(.text)
    _memset_w                                0x08006d57   Thumb Code     0  rt_memclr_w.o(.text)
    __use_two_region_memory                  0x08006da1   Thumb Code     2  heapauxi.o(.text)
    __rt_heap_escrow$2region                 0x08006da3   Thumb Code     2  heapauxi.o(.text)
    __rt_heap_expand$2region                 0x08006da5   Thumb Code     2  heapauxi.o(.text)
    __aeabi_errno_addr                       0x08006da9   Thumb Code     8  rt_errno_addr_intlibspace.o(.text)
    __errno$intlibspace                      0x08006da9   Thumb Code     0  rt_errno_addr_intlibspace.o(.text)
    __rt_errno_addr$intlibspace              0x08006da9   Thumb Code     0  rt_errno_addr_intlibspace.o(.text)
    __read_errno                             0x08006db1   Thumb Code    10  _rserrno.o(.text)
    __set_errno                              0x08006dbb   Thumb Code    12  _rserrno.o(.text)
    _printf_int_common                       0x08006dc7   Thumb Code   178  _printf_intcommon.o(.text)
    __lib_sel_fp_printf                      0x08006e79   Thumb Code     2  _printf_fp_dec.o(.text)
    _printf_fp_dec_real                      0x08007027   Thumb Code   620  _printf_fp_dec.o(.text)
    _printf_char_common                      0x0800729f   Thumb Code    32  _printf_char_common.o(.text)
    _sputc                                   0x080072c5   Thumb Code    10  _sputc.o(.text)
    _printf_cs_common                        0x080072cf   Thumb Code    20  _printf_char.o(.text)
    _printf_char                             0x080072e3   Thumb Code    16  _printf_char.o(.text)
    _printf_string                           0x080072f3   Thumb Code     8  _printf_char.o(.text)
    __strtod_int                             0x08007339   Thumb Code    88  strtod.o(.text)
    strtol                                   0x0800739d   Thumb Code   112  strtol.o(.text)
    __strtok_internal                        0x0800740d   Thumb Code    64  strtok_int.o(.text)
    __user_libspace                          0x08007451   Thumb Code     8  libspace.o(.text)
    __user_perproc_libspace                  0x08007451   Thumb Code     0  libspace.o(.text)
    __user_perthread_libspace                0x08007451   Thumb Code     0  libspace.o(.text)
    __rt_ctype_table                         0x08007459   Thumb Code    16  rt_ctype_table.o(.text)
    __rt_locale                              0x08007469   Thumb Code     8  rt_locale_intlibspace.o(.text)
    _ll_udiv10                               0x08007471   Thumb Code   138  lludiv10.o(.text)
    isspace                                  0x080074fb   Thumb Code    18  isspace.o(.text)
    _printf_fp_infnan                        0x0800750d   Thumb Code   112  _printf_fp_infnan.o(.text)
    _sgetc                                   0x0800758d   Thumb Code    30  _sgetc.o(.text)
    _sbackspace                              0x080075ab   Thumb Code    34  _sgetc.o(.text)
    _strtoul                                 0x080075cd   Thumb Code   158  _strtoul.o(.text)
    _btod_etento                             0x0800766d   Thumb Code   216  bigflt0.o(.text)
    strcspn                                  0x08007749   Thumb Code    32  strcspn.o(.text)
    strspn                                   0x08007769   Thumb Code    28  strspn.o(.text)
    __user_setup_stackheap                   0x08007785   Thumb Code    74  sys_stackheap_outer.o(.text)
    _chval                                   0x080077cf   Thumb Code    28  _chval.o(.text)
    _scanf_really_real                       0x080079e9   Thumb Code   668  scanf_fp.o(.text)
    exit                                     0x08007c91   Thumb Code    12  exit.o(.text)
    strcmp                                   0x08007c9d   Thumb Code   128  strcmpv7m.o(.text)
    _scanf_really_hex_real                   0x08007d1d   Thumb Code   778  scanf_hexfp.o(.text)
    _scanf_really_infnan                     0x08008035   Thumb Code   292  scanf_infnan.o(.text)
    _sys_exit                                0x08008169   Thumb Code     8  sys_exit.o(.text)
    __aeabi_llsl                             0x08008175   Thumb Code     0  llshl.o(.text)
    _ll_shift_l                              0x08008175   Thumb Code    38  llshl.o(.text)
    __I$use$semihosting                      0x0800819b   Thumb Code     0  use_no_semi.o(.text)
    __use_no_semihosting_swi                 0x0800819b   Thumb Code     2  use_no_semi.o(.text)
    __semihosting_library_function           0x0800819d   Thumb Code     0  indicate_semi.o(.text)
    _btod_d2e                                0x0800819d   Thumb Code    62  btod.o(CL$$btod_d2e)
    _d2e_denorm_low                          0x080081db   Thumb Code    70  btod.o(CL$$btod_d2e_denorm_low)
    _d2e_norm_op1                            0x08008221   Thumb Code    96  btod.o(CL$$btod_d2e_norm_op1)
    __btod_div_common                        0x08008281   Thumb Code   696  btod.o(CL$$btod_div_common)
    _e2d                                     0x080085b9   Thumb Code    80  btod.o(CL$$btod_e2d)
    _e2e                                     0x0800860d   Thumb Code   198  btod.o(CL$$btod_e2e)
    _btod_ediv                               0x080086d3   Thumb Code    40  btod.o(CL$$btod_ediv)
    _btod_edivd                              0x080086fb   Thumb Code    40  btod.o(CL$$btod_edivd)
    _btod_emul                               0x08008723   Thumb Code    40  btod.o(CL$$btod_emul)
    _btod_emuld                              0x0800874b   Thumb Code    40  btod.o(CL$$btod_emuld)
    __btod_mult_common                       0x08008773   Thumb Code   580  btod.o(CL$$btod_mult_common)
    __ARM_fpclassify                         0x080089b7   Thumb Code    40  fpclassify.o(i.__ARM_fpclassify)
    __kernel_poly                            0x080089df   Thumb Code   170  poly.o(i.__kernel_poly)
    __mathlib_dbl_divzero                    0x08008a89   Thumb Code    12  dunder.o(i.__mathlib_dbl_divzero)
    __mathlib_dbl_infnan2                    0x08008a99   Thumb Code     4  dunder.o(i.__mathlib_dbl_infnan2)
    __mathlib_dbl_invalid                    0x08008a9d   Thumb Code    12  dunder.o(i.__mathlib_dbl_invalid)
    __mathlib_dbl_overflow                   0x08008aa9   Thumb Code    14  dunder.o(i.__mathlib_dbl_overflow)
    __mathlib_dbl_underflow                  0x08008ab9   Thumb Code    10  dunder.o(i.__mathlib_dbl_underflow)
    __mathlib_narrow                         0x08008ac9   Thumb Code    16  narrow.o(i.__mathlib_narrow)
    __mathlib_tofloat                        0x08008ad9   Thumb Code   132  narrow.o(i.__mathlib_tofloat)
    __support_ldexp                          0x08008b61   Thumb Code    22  ldexp.o(i.__support_ldexp)
    _is_digit                                0x08008b77   Thumb Code    14  __printf_wp.o(i._is_digit)
    frexp                                    0x08008b85   Thumb Code    80  frexp.o(i.frexp)
    ldexp                                    0x08008bdd   Thumb Code   116  ldexp.o(i.ldexp)
    pow                                      0x08008c51   Thumb Code  2478  pow.o(i.pow)
    sqrt                                     0x08009609   Thumb Code    76  sqrt.o(i.sqrt)
    strtod                                   0x08009655   Thumb Code    28  strtod.o(i.strtod)
    _get_lc_numeric                          0x08009671   Thumb Code    44  lc_numeric_c.o(locale$$code)
    _get_lc_ctype                            0x0800969d   Thumb Code    44  lc_ctype_c.o(locale$$code)
    __aeabi_d2f                              0x080096c9   Thumb Code     0  d2f.o(x$fpl$d2f)
    _d2f                                     0x080096c9   Thumb Code    98  d2f.o(x$fpl$d2f)
    __aeabi_dadd                             0x0800972d   Thumb Code     0  daddsub_clz.o(x$fpl$dadd)
    _dadd                                    0x0800972d   Thumb Code   332  daddsub_clz.o(x$fpl$dadd)
    __fpl_dcheck_NaN1                        0x0800987d   Thumb Code    10  dcheck1.o(x$fpl$dcheck1)
    __fpl_dcmp_Inf                           0x0800988d   Thumb Code    24  dcmpi.o(x$fpl$dcmpinf)
    __aeabi_ddiv                             0x080098a5   Thumb Code     0  ddiv.o(x$fpl$ddiv)
    _ddiv                                    0x080098a5   Thumb Code   552  ddiv.o(x$fpl$ddiv)
    __aeabi_cdcmpeq                          0x08009b55   Thumb Code     0  deqf.o(x$fpl$deqf)
    _dcmpeq                                  0x08009b55   Thumb Code   120  deqf.o(x$fpl$deqf)
    __aeabi_d2iz                             0x08009bcd   Thumb Code     0  dfix.o(x$fpl$dfix)
    _dfix                                    0x08009bcd   Thumb Code    94  dfix.o(x$fpl$dfix)
    __aeabi_d2uiz                            0x08009c2d   Thumb Code     0  dfixu.o(x$fpl$dfixu)
    _dfixu                                   0x08009c2d   Thumb Code    90  dfixu.o(x$fpl$dfixu)
    __aeabi_i2d                              0x08009c87   Thumb Code     0  dflt_clz.o(x$fpl$dflt)
    _dflt                                    0x08009c87   Thumb Code    46  dflt_clz.o(x$fpl$dflt)
    __aeabi_ui2d                             0x08009cb5   Thumb Code     0  dflt_clz.o(x$fpl$dfltu)
    _dfltu                                   0x08009cb5   Thumb Code    38  dflt_clz.o(x$fpl$dfltu)
    __aeabi_cdcmple                          0x08009cdd   Thumb Code     0  dleqf.o(x$fpl$dleqf)
    _dcmple                                  0x08009cdd   Thumb Code   120  dleqf.o(x$fpl$dleqf)
    __fpl_dcmple_InfNaN                      0x08009d3f   Thumb Code     0  dleqf.o(x$fpl$dleqf)
    __aeabi_dmul                             0x08009d55   Thumb Code     0  dmul.o(x$fpl$dmul)
    _dmul                                    0x08009d55   Thumb Code   332  dmul.o(x$fpl$dmul)
    __fpl_dnaninf                            0x08009ea9   Thumb Code   156  dnaninf.o(x$fpl$dnaninf)
    __fpl_dretinf                            0x08009f45   Thumb Code    12  dretinf.o(x$fpl$dretinf)
    __aeabi_cdrcmple                         0x08009f51   Thumb Code     0  drleqf.o(x$fpl$drleqf)
    _drcmple                                 0x08009f51   Thumb Code   108  drleqf.o(x$fpl$drleqf)
    __aeabi_drsub                            0x08009fbd   Thumb Code     0  daddsub_clz.o(x$fpl$drsb)
    _drsb                                    0x08009fbd   Thumb Code    22  daddsub_clz.o(x$fpl$drsb)
    _dsqrt                                   0x08009fd5   Thumb Code   456  dsqrt_noumaal.o(x$fpl$dsqrt)
    __aeabi_dsub                             0x0800a1a1   Thumb Code     0  daddsub_clz.o(x$fpl$dsub)
    _dsub                                    0x0800a1a1   Thumb Code   464  daddsub_clz.o(x$fpl$dsub)
    __aeabi_f2d                              0x0800a375   Thumb Code     0  f2d.o(x$fpl$f2d)
    _f2d                                     0x0800a375   Thumb Code    86  f2d.o(x$fpl$f2d)
    __aeabi_fadd                             0x0800a3cd   Thumb Code     0  faddsub_clz.o(x$fpl$fadd)
    _fadd                                    0x0800a3cd   Thumb Code   196  faddsub_clz.o(x$fpl$fadd)
    __aeabi_fdiv                             0x0800a491   Thumb Code     0  fdiv.o(x$fpl$fdiv)
    _fdiv                                    0x0800a491   Thumb Code   384  fdiv.o(x$fpl$fdiv)
    __aeabi_f2iz                             0x0800a615   Thumb Code     0  ffix.o(x$fpl$ffix)
    _ffix                                    0x0800a615   Thumb Code    54  ffix.o(x$fpl$ffix)
    __aeabi_f2uiz                            0x0800a64d   Thumb Code     0  ffixu.o(x$fpl$ffixu)
    _ffixu                                   0x0800a64d   Thumb Code    62  ffixu.o(x$fpl$ffixu)
    __aeabi_i2f                              0x0800a68d   Thumb Code     0  fflt_clz.o(x$fpl$fflt)
    _fflt                                    0x0800a68d   Thumb Code    48  fflt_clz.o(x$fpl$fflt)
    __aeabi_fmul                             0x0800a6bd   Thumb Code     0  fmul.o(x$fpl$fmul)
    _fmul                                    0x0800a6bd   Thumb Code   258  fmul.o(x$fpl$fmul)
    __fpl_fnaninf                            0x0800a7bf   Thumb Code   140  fnaninf.o(x$fpl$fnaninf)
    __fpl_fretinf                            0x0800a84b   Thumb Code    10  fretinf.o(x$fpl$fretinf)
    __aeabi_fsub                             0x0800a855   Thumb Code     0  faddsub_clz.o(x$fpl$fsub)
    _fsub                                    0x0800a855   Thumb Code   234  faddsub_clz.o(x$fpl$fsub)
    _printf_fp_dec                           0x0800a93f   Thumb Code     4  printf1.o(x$fpl$printf1)
    __fpl_return_NaN                         0x0800a943   Thumb Code   100  retnan.o(x$fpl$retnan)
    __ARM_scalbn                             0x0800a9a7   Thumb Code    92  scalbn.o(x$fpl$scalbn)
    _scanf_real                              0x0800aa03   Thumb Code     4  scanf1.o(x$fpl$scanf1)
    _scanf_hex_real                          0x0800aa07   Thumb Code     4  scanf2.o(x$fpl$scanf2)
    _scanf_infnan                            0x0800aa0b   Thumb Code     4  scanf2.o(x$fpl$scanf2)
    __fpl_cmpreturn                          0x0800aa0f   Thumb Code    48  trapv.o(x$fpl$trapveneer)
    __I$use$fp                               0x0800aa3e   Number         0  usenofp.o(x$fpl$usenofp)
    table_week                               0x0800aa3e   Data          12  rtc.o(.constdata)
    mon_table                                0x0800aa4a   Data          12  rtc.o(.constdata)
    __mathlib_zero                           0x0800ab18   Data           8  qnan.o(.constdata)
    Region$$Table$$Base                      0x0800abb4   Number         0  anon$$obj.o(Region$$Table)
    Region$$Table$$Limit                     0x0800abd4   Number         0  anon$$obj.o(Region$$Table)
    __aeabi_HUGE_VAL                         0x0800abd4   Data           0  fpconst.o(c$$dinf)
    __aeabi_HUGE_VALL                        0x0800abd4   Data           0  fpconst.o(c$$dinf)
    __aeabi_INFINITY                         0x0800abd4   Data           0  fpconst.o(c$$dinf)
    __dInf                                   0x0800abd4   Data           0  fpconst.o(c$$dinf)
    __huge_val                               0x0800abd4   Data           0  fpconst.o(c$$dinf)
    __ctype                                  0x0800ac05   Data           0  lc_ctype_c.o(locale$$data)
    failData                                 0x20000000   Data           7  work.o(.data)
    successData                              0x20000007   Data           7  work.o(.data)
    netConnctIndex                           0x2000000e   Data           1  work.o(.data)
    netInitIndex                             0x2000000f   Data           1  work.o(.data)
    initFuncSelect                           0x20000010   Data           1  work.o(.data)
    pdpContextIndex                          0x20000011   Data           1  work.o(.data)
    pdpFuncSelect                            0x20000012   Data           1  work.o(.data)
    tcpClientIndex                           0x20000013   Data           1  work.o(.data)
    sendNetConTimeCs                         0x20000014   Data           4  work.o(.data)
    sendNetConErrCount                       0x20000018   Data           1  work.o(.data)
    connectFailCount                         0x20000019   Data           1  work.o(.data)
    sendUartLen                              0x2000001a   Data           2  work.o(.data)
    sendDataIndex                            0x2000001c   Data           1  work.o(.data)
    sendGPSInit                              0x2000001d   Data           1  work.o(.data)
    getGPSDataMode                           0x2000001e   Data           1  work.o(.data)
    getGPSSuccessFlag                        0x2000001f   Data           1  work.o(.data)
    getGPSFailCount                          0x20000020   Data           1  work.o(.data)
    testTimeCs                               0x20000024   Data           4  work.o(.data)
    auchCRCHi                                0x20000030   Data         256  sys.o(.data)
    auchCRCLo                                0x20000130   Data         256  sys.o(.data)
    uchCRCHi                                 0x20000230   Data           1  sys.o(.data)
    uchCRCLo                                 0x20000231   Data           1  sys.o(.data)
    Reload                                   0x20000232   Data           2  watchdog.o(.data)
    SystemCoreClock                          0x20000234   Data           4  system_stm32f10x.o(.data)
    AHBPrescTable                            0x20000238   Data          16  system_stm32f10x.o(.data)
    comAddr                                  0x20000260   Data          14  data.o(.bss)
    sendUartBuf                              0x20000270   Data        1500  work.o(.bss)
    rec4GDataBuf                             0x2000084c   Data        1500  work.o(.bss)
    gpsData                                  0x20000e28   Data          36  work.o(.bss)
    calendar                                 0x20000e4c   Data          10  rtc.o(.bss)
    DlCalendar                               0x20000e56   Data          10  rtc.o(.bss)
    com1                                     0x20000e60   Data        1512  uart.o(.bss)
    com2                                     0x20001448   Data        1512  uart.o(.bss)
    com3                                     0x20001a30   Data         412  uart.o(.bss)
    __libspace_start                         0x20001bcc   Data          96  libspace.o(.bss)
    __temporary_stack_top$libspace           0x20001c2c   Data           0  libspace.o(.bss)



==============================================================================

Memory Map of the image

  Image Entry point : 0x080000ed

  Load Region LR_IROM1 (Base: 0x08000000, Size: 0x0000af68, Max: 0x00010000, ABSOLUTE, COMPRESSED[0x0000ae50])

    Execution Region ER_IROM1 (Base: 0x08000000, Size: 0x0000ad08, Max: 0x00010000, ABSOLUTE)

    Base Addr    Size         Type   Attr      Idx    E Section Name        Object

    0x08000000   0x000000ec   Data   RO          379    RESET               startup_stm32f10x_md.o
    0x080000ec   0x00000008   Code   RO          653  * !!!main             c_w.l(__main.o)
    0x080000f4   0x00000034   Code   RO         1062    !!!scatter          c_w.l(__scatter.o)
    0x08000128   0x0000005a   Code   RO         1060    !!dczerorl2         c_w.l(__dczerorl2.o)
    0x08000182   0x00000002   PAD
    0x08000184   0x0000001c   Code   RO         1064    !!handler_zi        c_w.l(__scatter_zi.o)
    0x080001a0   0x00000000   Code   RO          637    .ARM.Collect$$_printf_percent$$00000000  c_w.l(_printf_percent.o)
    0x080001a0   0x00000006   Code   RO          636    .ARM.Collect$$_printf_percent$$00000003  c_w.l(_printf_f.o)
    0x080001a6   0x00000006   Code   RO          635    .ARM.Collect$$_printf_percent$$00000009  c_w.l(_printf_d.o)
    0x080001ac   0x00000006   Code   RO          634    .ARM.Collect$$_printf_percent$$0000000C  c_w.l(_printf_x.o)
    0x080001b2   0x00000006   Code   RO          633    .ARM.Collect$$_printf_percent$$00000014  c_w.l(_printf_s.o)
    0x080001b8   0x00000004   Code   RO          749    .ARM.Collect$$_printf_percent$$00000017  c_w.l(_printf_percent_end.o)
    0x080001bc   0x00000002   Code   RO          891    .ARM.Collect$$libinit$$00000000  c_w.l(libinit.o)
    0x080001be   0x00000000   Code   RO          893    .ARM.Collect$$libinit$$00000002  c_w.l(libinit2.o)
    0x080001be   0x00000000   Code   RO          895    .ARM.Collect$$libinit$$00000004  c_w.l(libinit2.o)
    0x080001be   0x00000000   Code   RO          898    .ARM.Collect$$libinit$$0000000A  c_w.l(libinit2.o)
    0x080001be   0x00000000   Code   RO          900    .ARM.Collect$$libinit$$0000000C  c_w.l(libinit2.o)
    0x080001be   0x00000000   Code   RO          902    .ARM.Collect$$libinit$$0000000E  c_w.l(libinit2.o)
    0x080001be   0x00000006   Code   RO          903    .ARM.Collect$$libinit$$0000000F  c_w.l(libinit2.o)
    0x080001c4   0x00000000   Code   RO          905    .ARM.Collect$$libinit$$00000011  c_w.l(libinit2.o)
    0x080001c4   0x0000000c   Code   RO          906    .ARM.Collect$$libinit$$00000012  c_w.l(libinit2.o)
    0x080001d0   0x00000000   Code   RO          907    .ARM.Collect$$libinit$$00000013  c_w.l(libinit2.o)
    0x080001d0   0x00000000   Code   RO          909    .ARM.Collect$$libinit$$00000015  c_w.l(libinit2.o)
    0x080001d0   0x0000000a   Code   RO          910    .ARM.Collect$$libinit$$00000016  c_w.l(libinit2.o)
    0x080001da   0x00000000   Code   RO          911    .ARM.Collect$$libinit$$00000017  c_w.l(libinit2.o)
    0x080001da   0x00000000   Code   RO          913    .ARM.Collect$$libinit$$00000019  c_w.l(libinit2.o)
    0x080001da   0x00000000   Code   RO          915    .ARM.Collect$$libinit$$0000001B  c_w.l(libinit2.o)
    0x080001da   0x00000000   Code   RO          917    .ARM.Collect$$libinit$$0000001D  c_w.l(libinit2.o)
    0x080001da   0x00000000   Code   RO          919    .ARM.Collect$$libinit$$0000001F  c_w.l(libinit2.o)
    0x080001da   0x00000000   Code   RO          921    .ARM.Collect$$libinit$$00000021  c_w.l(libinit2.o)
    0x080001da   0x00000000   Code   RO          923    .ARM.Collect$$libinit$$00000023  c_w.l(libinit2.o)
    0x080001da   0x00000000   Code   RO          925    .ARM.Collect$$libinit$$00000025  c_w.l(libinit2.o)
    0x080001da   0x00000000   Code   RO          929    .ARM.Collect$$libinit$$0000002C  c_w.l(libinit2.o)
    0x080001da   0x00000000   Code   RO          931    .ARM.Collect$$libinit$$0000002E  c_w.l(libinit2.o)
    0x080001da   0x00000000   Code   RO          933    .ARM.Collect$$libinit$$00000030  c_w.l(libinit2.o)
    0x080001da   0x00000000   Code   RO          935    .ARM.Collect$$libinit$$00000032  c_w.l(libinit2.o)
    0x080001da   0x00000002   Code   RO          936    .ARM.Collect$$libinit$$00000033  c_w.l(libinit2.o)
    0x080001dc   0x00000002   Code   RO          997    .ARM.Collect$$libshutdown$$00000000  c_w.l(libshutdown.o)
    0x080001de   0x00000000   Code   RO         1021    .ARM.Collect$$libshutdown$$00000003  c_w.l(libshutdown2.o)
    0x080001de   0x00000000   Code   RO         1024    .ARM.Collect$$libshutdown$$00000006  c_w.l(libshutdown2.o)
    0x080001de   0x00000000   Code   RO         1027    .ARM.Collect$$libshutdown$$00000009  c_w.l(libshutdown2.o)
    0x080001de   0x00000000   Code   RO         1029    .ARM.Collect$$libshutdown$$0000000B  c_w.l(libshutdown2.o)
    0x080001de   0x00000000   Code   RO         1032    .ARM.Collect$$libshutdown$$0000000E  c_w.l(libshutdown2.o)
    0x080001de   0x00000002   Code   RO         1033    .ARM.Collect$$libshutdown$$0000000F  c_w.l(libshutdown2.o)
    0x080001e0   0x00000000   Code   RO          731    .ARM.Collect$$rtentry$$00000000  c_w.l(__rtentry.o)
    0x080001e0   0x00000000   Code   RO          800    .ARM.Collect$$rtentry$$00000002  c_w.l(__rtentry2.o)
    0x080001e0   0x00000006   Code   RO          812    .ARM.Collect$$rtentry$$00000004  c_w.l(__rtentry4.o)
    0x080001e6   0x00000000   Code   RO          802    .ARM.Collect$$rtentry$$00000009  c_w.l(__rtentry2.o)
    0x080001e6   0x00000004   Code   RO          803    .ARM.Collect$$rtentry$$0000000A  c_w.l(__rtentry2.o)
    0x080001ea   0x00000000   Code   RO          805    .ARM.Collect$$rtentry$$0000000C  c_w.l(__rtentry2.o)
    0x080001ea   0x00000008   Code   RO          806    .ARM.Collect$$rtentry$$0000000D  c_w.l(__rtentry2.o)
    0x080001f2   0x00000002   Code   RO          939    .ARM.Collect$$rtexit$$00000000  c_w.l(rtexit.o)
    0x080001f4   0x00000000   Code   RO          963    .ARM.Collect$$rtexit$$00000002  c_w.l(rtexit2.o)
    0x080001f4   0x00000004   Code   RO          964    .ARM.Collect$$rtexit$$00000003  c_w.l(rtexit2.o)
    0x080001f8   0x00000006   Code   RO          965    .ARM.Collect$$rtexit$$00000004  c_w.l(rtexit2.o)
    0x080001fe   0x00000002   PAD
    0x08000200   0x00000400   Code   RO            1    .text               at24c02.o
    0x08000600   0x00000044   Code   RO          117    .text               gpio.o
    0x08000644   0x00000048   Code   RO          132    .text               main.o
    0x0800068c   0x000000cc   Code   RO          180    .text               data.o
    0x08000758   0x00000178   Code   RO          202    .text               stm32f10x_it.o
    0x080008d0   0x000024f4   Code   RO          214    .text               work.o
    0x08002dc4   0x000000d4   Code   RO          243    .text               delay.o
    0x08002e98   0x0000052c   Code   RO          257    .text               rtc.o
    0x080033c4   0x00001246   Code   RO          278    .text               sys.o
    0x0800460a   0x00000070   Code   RO          304    .text               timer.o
    0x0800467a   0x00000002   PAD
    0x0800467c   0x00000364   Code   RO          316    .text               uart.o
    0x080049e0   0x00000030   Code   RO          334    .text               watchdog.o
    0x08004a10   0x000001e0   Code   RO          359    .text               system_stm32f10x.o
    0x08004bf0   0x00000040   Code   RO          380    .text               startup_stm32f10x_md.o
    0x08004c30   0x000000dc   Code   RO          384    .text               misc.o
    0x08004d0c   0x0000035c   Code   RO          396    .text               stm32f10x_gpio.o
    0x08005068   0x000003a4   Code   RO          408    .text               stm32f10x_rcc.o
    0x0800540c   0x00000408   Code   RO          422    .text               stm32f10x_usart.o
    0x08005814   0x00000040   Code   RO          446    .text               stm32f10x_iwdg.o
    0x08005854   0x00000148   Code   RO          506    .text               stm32f10x_rtc.o
    0x0800599c   0x00000e1a   Code   RO          542    .text               stm32f10x_tim.o
    0x080067b6   0x00000002   PAD
    0x080067b8   0x000000c4   Code   RO          554    .text               stm32f10x_bkp.o
    0x0800687c   0x000000cc   Code   RO          566    .text               stm32f10x_pwr.o
    0x08006948   0x00000028   Code   RO          582    .text               c_w.l(noretval__2sprintf.o)
    0x08006970   0x0000004e   Code   RO          586    .text               c_w.l(_printf_pad.o)
    0x080069be   0x00000052   Code   RO          588    .text               c_w.l(_printf_str.o)
    0x08006a10   0x00000078   Code   RO          590    .text               c_w.l(_printf_dec.o)
    0x08006a88   0x00000058   Code   RO          595    .text               c_w.l(_printf_hex_int.o)
    0x08006ae0   0x00000138   Code   RO          625    .text               c_w.l(__printf_flags_wp.o)
    0x08006c18   0x0000001a   Code   RO          638    .text               c_w.l(atoi.o)
    0x08006c32   0x00000002   PAD
    0x08006c34   0x0000000c   Code   RO          640    .text               c_w.l(strtok.o)
    0x08006c40   0x00000024   Code   RO          643    .text               c_w.l(strstr.o)
    0x08006c64   0x0000008a   Code   RO          645    .text               c_w.l(rt_memcpy_v6.o)
    0x08006cee   0x00000064   Code   RO          647    .text               c_w.l(rt_memcpy_w.o)
    0x08006d52   0x0000004e   Code   RO          649    .text               c_w.l(rt_memclr_w.o)
    0x08006da0   0x00000006   Code   RO          651    .text               c_w.l(heapauxi.o)
    0x08006da6   0x00000002   PAD
    0x08006da8   0x00000008   Code   RO          735    .text               c_w.l(rt_errno_addr_intlibspace.o)
    0x08006db0   0x00000016   Code   RO          737    .text               c_w.l(_rserrno.o)
    0x08006dc6   0x000000b2   Code   RO          739    .text               c_w.l(_printf_intcommon.o)
    0x08006e78   0x0000041a   Code   RO          741    .text               c_w.l(_printf_fp_dec.o)
    0x08007292   0x00000002   PAD
    0x08007294   0x00000030   Code   RO          743    .text               c_w.l(_printf_char_common.o)
    0x080072c4   0x0000000a   Code   RO          745    .text               c_w.l(_sputc.o)
    0x080072ce   0x0000002c   Code   RO          747    .text               c_w.l(_printf_char.o)
    0x080072fa   0x00000002   PAD
    0x080072fc   0x000000a0   Code   RO          750    .text               c_w.l(strtod.o)
    0x0800739c   0x00000070   Code   RO          752    .text               c_w.l(strtol.o)
    0x0800740c   0x00000044   Code   RO          754    .text               c_w.l(strtok_int.o)
    0x08007450   0x00000008   Code   RO          796    .text               c_w.l(libspace.o)
    0x08007458   0x00000010   Code   RO          814    .text               c_w.l(rt_ctype_table.o)
    0x08007468   0x00000008   Code   RO          819    .text               c_w.l(rt_locale_intlibspace.o)
    0x08007470   0x0000008a   Code   RO          821    .text               c_w.l(lludiv10.o)
    0x080074fa   0x00000012   Code   RO          823    .text               c_w.l(isspace.o)
    0x0800750c   0x00000080   Code   RO          825    .text               c_w.l(_printf_fp_infnan.o)
    0x0800758c   0x00000040   Code   RO          829    .text               c_w.l(_sgetc.o)
    0x080075cc   0x0000009e   Code   RO          831    .text               c_w.l(_strtoul.o)
    0x0800766a   0x00000002   PAD
    0x0800766c   0x000000dc   Code   RO          833    .text               c_w.l(bigflt0.o)
    0x08007748   0x00000020   Code   RO          861    .text               c_w.l(strcspn.o)
    0x08007768   0x0000001c   Code   RO          863    .text               c_w.l(strspn.o)
    0x08007784   0x0000004a   Code   RO          873    .text               c_w.l(sys_stackheap_outer.o)
    0x080077ce   0x0000001c   Code   RO          875    .text               c_w.l(_chval.o)
    0x080077ea   0x00000002   PAD
    0x080077ec   0x000004a4   Code   RO          877    .text               c_w.l(scanf_fp.o)
    0x08007c90   0x0000000c   Code   RO          882    .text               c_w.l(exit.o)
    0x08007c9c   0x00000080   Code   RO          884    .text               c_w.l(strcmpv7m.o)
    0x08007d1c   0x00000318   Code   RO          969    .text               c_w.l(scanf_hexfp.o)
    0x08008034   0x00000134   Code   RO          971    .text               c_w.l(scanf_infnan.o)
    0x08008168   0x0000000c   Code   RO          985    .text               c_w.l(sys_exit.o)
    0x08008174   0x00000026   Code   RO          989    .text               c_w.l(llshl.o)
    0x0800819a   0x00000002   Code   RO         1010    .text               c_w.l(use_no_semi.o)
    0x0800819c   0x00000000   Code   RO         1012    .text               c_w.l(indicate_semi.o)
    0x0800819c   0x0000003e   Code   RO          836    CL$$btod_d2e        c_w.l(btod.o)
    0x080081da   0x00000046   Code   RO          838    CL$$btod_d2e_denorm_low  c_w.l(btod.o)
    0x08008220   0x00000060   Code   RO          837    CL$$btod_d2e_norm_op1  c_w.l(btod.o)
    0x08008280   0x00000338   Code   RO          846    CL$$btod_div_common  c_w.l(btod.o)
    0x080085b8   0x00000054   Code   RO          844    CL$$btod_e2d        c_w.l(btod.o)
    0x0800860c   0x000000c6   Code   RO          843    CL$$btod_e2e        c_w.l(btod.o)
    0x080086d2   0x00000028   Code   RO          840    CL$$btod_ediv       c_w.l(btod.o)
    0x080086fa   0x00000028   Code   RO          842    CL$$btod_edivd      c_w.l(btod.o)
    0x08008722   0x00000028   Code   RO          839    CL$$btod_emul       c_w.l(btod.o)
    0x0800874a   0x00000028   Code   RO          841    CL$$btod_emuld      c_w.l(btod.o)
    0x08008772   0x00000244   Code   RO          845    CL$$btod_mult_common  c_w.l(btod.o)
    0x080089b6   0x00000028   Code   RO          783    i.__ARM_fpclassify  m_ws.l(fpclassify.o)
    0x080089de   0x000000aa   Code   RO          785    i.__kernel_poly     m_ws.l(poly.o)
    0x08008a88   0x00000010   Code   RO          769    i.__mathlib_dbl_divzero  m_ws.l(dunder.o)
    0x08008a98   0x00000004   Code   RO          771    i.__mathlib_dbl_infnan2  m_ws.l(dunder.o)
    0x08008a9c   0x0000000c   Code   RO          772    i.__mathlib_dbl_invalid  m_ws.l(dunder.o)
    0x08008aa8   0x0000000e   Code   RO          773    i.__mathlib_dbl_overflow  m_ws.l(dunder.o)
    0x08008ab6   0x00000002   PAD
    0x08008ab8   0x00000010   Code   RO          775    i.__mathlib_dbl_underflow  m_ws.l(dunder.o)
    0x08008ac8   0x00000010   Code   RO          956    i.__mathlib_narrow  m_ws.l(narrow.o)
    0x08008ad8   0x00000088   Code   RO          957    i.__mathlib_tofloat  m_ws.l(narrow.o)
    0x08008b60   0x00000016   Code   RO          999    i.__support_ldexp   m_ws.l(ldexp.o)
    0x08008b76   0x0000000e   Code   RO          623    i._is_digit         c_w.l(__printf_wp.o)
    0x08008b84   0x00000058   Code   RO          980    i.frexp             m_ws.l(frexp.o)
    0x08008bdc   0x00000074   Code   RO         1000    i.ldexp             m_ws.l(ldexp.o)
    0x08008c50   0x000009b8   Code   RO          718    i.pow               m_ws.l(pow.o)
    0x08009608   0x0000004c   Code   RO          789    i.sqrt              m_ws.l(sqrt.o)
    0x08009654   0x0000001c   Code   RO          728    i.strtod            m_ws.l(strtod.o)
    0x08009670   0x0000002c   Code   RO          859    locale$$code        c_w.l(lc_numeric_c.o)
    0x0800969c   0x0000002c   Code   RO          880    locale$$code        c_w.l(lc_ctype_c.o)
    0x080096c8   0x00000062   Code   RO          655    x$fpl$d2f           fz_ws.l(d2f.o)
    0x0800972a   0x00000002   PAD
    0x0800972c   0x00000150   Code   RO          657    x$fpl$dadd          fz_ws.l(daddsub_clz.o)
    0x0800987c   0x00000010   Code   RO          865    x$fpl$dcheck1       fz_ws.l(dcheck1.o)
    0x0800988c   0x00000018   Code   RO          756    x$fpl$dcmpinf       fz_ws.l(dcmpi.o)
    0x080098a4   0x000002b0   Code   RO          664    x$fpl$ddiv          fz_ws.l(ddiv.o)
    0x08009b54   0x00000078   Code   RO          977    x$fpl$deqf          fz_ws.l(deqf.o)
    0x08009bcc   0x0000005e   Code   RO          667    x$fpl$dfix          fz_ws.l(dfix.o)
    0x08009c2a   0x00000002   PAD
    0x08009c2c   0x0000005a   Code   RO          671    x$fpl$dfixu         fz_ws.l(dfixu.o)
    0x08009c86   0x0000002e   Code   RO          676    x$fpl$dflt          fz_ws.l(dflt_clz.o)
    0x08009cb4   0x00000026   Code   RO          675    x$fpl$dfltu         fz_ws.l(dflt_clz.o)
    0x08009cda   0x00000002   PAD
    0x08009cdc   0x00000078   Code   RO          681    x$fpl$dleqf         fz_ws.l(dleqf.o)
    0x08009d54   0x00000154   Code   RO          683    x$fpl$dmul          fz_ws.l(dmul.o)
    0x08009ea8   0x0000009c   Code   RO          758    x$fpl$dnaninf       fz_ws.l(dnaninf.o)
    0x08009f44   0x0000000c   Code   RO          760    x$fpl$dretinf       fz_ws.l(dretinf.o)
    0x08009f50   0x0000006c   Code   RO          685    x$fpl$drleqf        fz_ws.l(drleqf.o)
    0x08009fbc   0x00000016   Code   RO          658    x$fpl$drsb          fz_ws.l(daddsub_clz.o)
    0x08009fd2   0x00000002   PAD
    0x08009fd4   0x000001cc   Code   RO          867    x$fpl$dsqrt         fz_ws.l(dsqrt_noumaal.o)
    0x0800a1a0   0x000001d4   Code   RO          659    x$fpl$dsub          fz_ws.l(daddsub_clz.o)
    0x0800a374   0x00000056   Code   RO          687    x$fpl$f2d           fz_ws.l(f2d.o)
    0x0800a3ca   0x00000002   PAD
    0x0800a3cc   0x000000c4   Code   RO          689    x$fpl$fadd          fz_ws.l(faddsub_clz.o)
    0x0800a490   0x00000184   Code   RO          696    x$fpl$fdiv          fz_ws.l(fdiv.o)
    0x0800a614   0x00000036   Code   RO          699    x$fpl$ffix          fz_ws.l(ffix.o)
    0x0800a64a   0x00000002   PAD
    0x0800a64c   0x0000003e   Code   RO          703    x$fpl$ffixu         fz_ws.l(ffixu.o)
    0x0800a68a   0x00000002   PAD
    0x0800a68c   0x00000030   Code   RO          708    x$fpl$fflt          fz_ws.l(fflt_clz.o)
    0x0800a6bc   0x00000102   Code   RO          713    x$fpl$fmul          fz_ws.l(fmul.o)
    0x0800a7be   0x0000008c   Code   RO          762    x$fpl$fnaninf       fz_ws.l(fnaninf.o)
    0x0800a84a   0x0000000a   Code   RO          764    x$fpl$fretinf       fz_ws.l(fretinf.o)
    0x0800a854   0x000000ea   Code   RO          691    x$fpl$fsub          fz_ws.l(faddsub_clz.o)
    0x0800a93e   0x00000004   Code   RO          715    x$fpl$printf1       fz_ws.l(printf1.o)
    0x0800a942   0x00000064   Code   RO          937    x$fpl$retnan        fz_ws.l(retnan.o)
    0x0800a9a6   0x0000005c   Code   RO          766    x$fpl$scalbn        fz_ws.l(scalbn.o)
    0x0800aa02   0x00000004   Code   RO          871    x$fpl$scanf1        fz_ws.l(scanf1.o)
    0x0800aa06   0x00000008   Code   RO          948    x$fpl$scanf2        fz_ws.l(scanf2.o)
    0x0800aa0e   0x00000030   Code   RO          954    x$fpl$trapveneer    fz_ws.l(trapv.o)
    0x0800aa3e   0x00000000   Code   RO          768    x$fpl$usenofp       fz_ws.l(usenofp.o)
    0x0800aa3e   0x00000018   Data   RO          259    .constdata          rtc.o
    0x0800aa56   0x00000028   Data   RO          596    .constdata          c_w.l(_printf_hex_int.o)
    0x0800aa7e   0x00000011   Data   RO          626    .constdata          c_w.l(__printf_flags_wp.o)
    0x0800aa8f   0x00000001   PAD
    0x0800aa90   0x00000088   Data   RO          719    .constdata          m_ws.l(pow.o)
    0x0800ab18   0x00000008   Data   RO          787    .constdata          m_ws.l(qnan.o)
    0x0800ab20   0x00000094   Data   RO          834    .constdata          c_w.l(bigflt0.o)
    0x0800abb4   0x00000020   Data   RO         1058    Region$$Table       anon$$obj.o
    0x0800abd4   0x00000008   Data   RO          943    c$$dinf             fz_ws.l(fpconst.o)
    0x0800abdc   0x0000001c   Data   RO          858    locale$$data        c_w.l(lc_numeric_c.o)
    0x0800abf8   0x00000110   Data   RO          879    locale$$data        c_w.l(lc_ctype_c.o)


    Execution Region RW_IRAM1 (Base: 0x20000000, Size: 0x00002230, Max: 0x00005000, ABSOLUTE, COMPRESSED[0x00000148])

    Base Addr    Size         Type   Attr      Idx    E Section Name        Object

    0x20000000   0x00000028   Data   RW          216    .data               work.o
    0x20000028   0x00000004   Data   RW          244    .data               delay.o
    0x2000002c   0x00000004   Data   RW          260    .data               rtc.o
    0x20000030   0x00000202   Data   RW          279    .data               sys.o
    0x20000232   0x00000002   Data   RW          335    .data               watchdog.o
    0x20000234   0x00000014   Data   RW          360    .data               system_stm32f10x.o
    0x20000248   0x00000014   Data   RW          409    .data               stm32f10x_rcc.o
    0x2000025c   0x00000004   Data   RW          641    .data               c_w.l(strtok.o)
    0x20000260   0x0000000e   Zero   RW          181    .bss                data.o
    0x2000026e   0x00000002   PAD
    0x20000270   0x00000bdc   Zero   RW          215    .bss                work.o
    0x20000e4c   0x00000014   Zero   RW          258    .bss                rtc.o
    0x20000e60   0x00000d6c   Zero   RW          317    .bss                uart.o
    0x20001bcc   0x00000060   Zero   RW          797    .bss                c_w.l(libspace.o)
    0x20001c2c   0x00000004   PAD
    0x20001c30   0x00000200   Zero   RW          378    HEAP                startup_stm32f10x_md.o
    0x20001e30   0x00000400   Zero   RW          377    STACK               startup_stm32f10x_md.o


==============================================================================

Image component sizes


      Code (inc. data)   RO Data    RW Data    ZI Data      Debug   Object Name

      1024          4          0          0          0     255691   at24c02.o
       204          6          0          0         14       1519   data.o
       212         18          0          4          0        919   delay.o
        68          8          0          0          0        440   gpio.o
        72          0          0          0          0        455   main.o
       220         22          0          0          0       1713   misc.o
      1324         40         24          4         20       4656   rtc.o
        64         26        236          0       1536        760   startup_stm32f10x_md.o
       196          8          0          0          0       3376   stm32f10x_bkp.o
       860         38          0          0          0       5561   stm32f10x_gpio.o
       376         32          0          0          0       2488   stm32f10x_it.o
        64          6          0          0          0       1225   stm32f10x_iwdg.o
       204         14          0          0          0       1875   stm32f10x_pwr.o
       932         36          0         20          0       8692   stm32f10x_rcc.o
       328          4          0          0          0       2626   stm32f10x_rtc.o
      3610         88          0          0          0      22044   stm32f10x_tim.o
      1032         22          0          0          0       8284   stm32f10x_usart.o
      4678        190          0        514          0      12695   sys.o
       480         38          0         20          0       1659   system_stm32f10x.o
       112          0          0          0          0        505   timer.o
       868         42          0          0       3436       4657   uart.o
        48          6          0          2          0        693   watchdog.o
      9460       2436          0         40       3036      13477   work.o

    ----------------------------------------------------------------------
     26440       3084        292        604       8044     356010   Object Totals
         0          0         32          0          0          0   (incl. Generated)
         4          0          0          0          2          0   (incl. Padding)

    ----------------------------------------------------------------------

      Code (inc. data)   RO Data    RW Data    ZI Data      Debug   Library Member Name

        90          0          0          0          0          0   __dczerorl2.o
         8          0          0          0          0         68   __main.o
       312          4         17          0          0         92   __printf_flags_wp.o
        14          0          0          0          0         68   __printf_wp.o
         0          0          0          0          0          0   __rtentry.o
        12          0          0          0          0          0   __rtentry2.o
         6          0          0          0          0          0   __rtentry4.o
        52          8          0          0          0          0   __scatter.o
        28          0          0          0          0          0   __scatter_zi.o
        28          0          0          0          0         68   _chval.o
        44          0          0          0          0        108   _printf_char.o
        48          6          0          0          0         96   _printf_char_common.o
         6          0          0          0          0          0   _printf_d.o
       120         16          0          0          0         92   _printf_dec.o
         6          0          0          0          0          0   _printf_f.o
      1050          0          0          0          0        216   _printf_fp_dec.o
       128         16          0          0          0         84   _printf_fp_infnan.o
        88          4         40          0          0         88   _printf_hex_int.o
       178          0          0          0          0         88   _printf_intcommon.o
        78          0          0          0          0        108   _printf_pad.o
         0          0          0          0          0          0   _printf_percent.o
         4          0          0          0          0          0   _printf_percent_end.o
         6          0          0          0          0          0   _printf_s.o
        82          0          0          0          0         80   _printf_str.o
         6          0          0          0          0          0   _printf_x.o
        22          0          0          0          0        100   _rserrno.o
        64          0          0          0          0         84   _sgetc.o
        10          0          0          0          0         68   _sputc.o
       158          0          0          0          0         92   _strtoul.o
        26          0          0          0          0         80   atoi.o
       220          4        148          0          0         96   bigflt0.o
      2074        132          0          0          0        940   btod.o
        12          0          0          0          0         72   exit.o
         6          0          0          0          0        152   heapauxi.o
         0          0          0          0          0          0   indicate_semi.o
        18          0          0          0          0         76   isspace.o
        44         10        272          0          0         76   lc_ctype_c.o
        44         10         28          0          0         76   lc_numeric_c.o
         2          0          0          0          0          0   libinit.o
        30          0          0          0          0          0   libinit2.o
         2          0          0          0          0          0   libshutdown.o
         2          0          0          0          0          0   libshutdown2.o
         8          4          0          0         96         68   libspace.o
        38          0          0          0          0         68   llshl.o
       138          0          0          0          0         80   lludiv10.o
        40          6          0          0          0         84   noretval__2sprintf.o
        16          4          0          0          0         76   rt_ctype_table.o
         8          4          0          0          0         68   rt_errno_addr_intlibspace.o
         8          4          0          0          0         68   rt_locale_intlibspace.o
        78          0          0          0          0         80   rt_memclr_w.o
       138          0          0          0          0         68   rt_memcpy_v6.o
       100          0          0          0          0         80   rt_memcpy_w.o
         2          0          0          0          0          0   rtexit.o
        10          0          0          0          0          0   rtexit2.o
      1188         12          0          0          0        148   scanf_fp.o
       792         14          0          0          0        100   scanf_hexfp.o
       308         16          0          0          0        100   scanf_infnan.o
       128          0          0          0          0         68   strcmpv7m.o
        32          0          0          0          0         80   strcspn.o
        28          0          0          0          0         80   strspn.o
        36          0          0          0          0         80   strstr.o
       160         12          0          0          0        120   strtod.o
        12          6          0          4          0         68   strtok.o
        68          4          0          0          0         84   strtok_int.o
       112          0          0          0          0         88   strtol.o
        12          4          0          0          0         68   sys_exit.o
        74          0          0          0          0         80   sys_stackheap_outer.o
         2          0          0          0          0         68   use_no_semi.o
        98          4          0          0          0         92   d2f.o
       826         16          0          0          0        348   daddsub_clz.o
        16          4          0          0          0         68   dcheck1.o
        24          0          0          0          0         68   dcmpi.o
       688        140          0          0          0        208   ddiv.o
       120          4          0          0          0         92   deqf.o
        94          4          0          0          0         92   dfix.o
        90          4          0          0          0         92   dfixu.o
        84          0          0          0          0        136   dflt_clz.o
       120          4          0          0          0         92   dleqf.o
       340         12          0          0          0        104   dmul.o
       156          4          0          0          0         92   dnaninf.o
        12          0          0          0          0         68   dretinf.o
       108          0          0          0          0         80   drleqf.o
       460         56          0          0          0        120   dsqrt_noumaal.o
        86          4          0          0          0         84   f2d.o
       430          8          0          0          0        168   faddsub_clz.o
       388         76          0          0          0         96   fdiv.o
        54          4          0          0          0         84   ffix.o
        62          4          0          0          0         84   ffixu.o
        48          0          0          0          0         68   fflt_clz.o
       258          4          0          0          0         84   fmul.o
       140          4          0          0          0         84   fnaninf.o
         0          0          8          0          0          0   fpconst.o
        10          0          0          0          0         68   fretinf.o
         4          0          0          0          0         68   printf1.o
       100          0          0          0          0         68   retnan.o
        92          0          0          0          0         68   scalbn.o
         4          0          0          0          0         68   scanf1.o
         8          0          0          0          0         84   scanf2.o
        48          0          0          0          0         68   trapv.o
         0          0          0          0          0          0   usenofp.o
        62         10          0          0          0        340   dunder.o
        40          0          0          0          0         68   fpclassify.o
        88          8          0          0          0         76   frexp.o
       138          0          0          0          0        160   ldexp.o
       152          4          0          0          0        168   narrow.o
       170          0          0          0          0         96   poly.o
      2488        190        136          0          0        300   pow.o
         0          0          8          0          0          0   qnan.o
        76          0          0          0          0         84   sqrt.o
        28          0          0          0          0         80   strtod.o

    ----------------------------------------------------------------------
     16906        868        658          4        100       9508   Library Totals
        32          0          1          0          4          0   (incl. Padding)

    ----------------------------------------------------------------------

      Code (inc. data)   RO Data    RW Data    ZI Data      Debug   Library Name

      8664        300        505          4         96       5140   c_w.l
      4968        356          8          0          0       2996   fz_ws.l
      3242        212        144          0          0       1372   m_ws.l

    ----------------------------------------------------------------------
     16906        868        658          4        100       9508   Library Totals

    ----------------------------------------------------------------------

==============================================================================


      Code (inc. data)   RO Data    RW Data    ZI Data      Debug   

     43346       3952        950        608       8144     357974   Grand Totals
     43346       3952        950        328       8144     357974   ELF Image Totals (compressed)
     43346       3952        950        328          0          0   ROM Totals

==============================================================================

    Total RO  Size (Code + RO Data)                44296 (  43.26kB)
    Total RW  Size (RW Data + ZI Data)              8752 (   8.55kB)
    Total ROM Size (Code + RO Data + RW Data)      44624 (  43.58kB)

==============================================================================

